[www.miraflores.gob.pe/index.html]
[backblue.gif]
[fade.gif]
[index.html]
[www.miraflores.gob.pe/wp-content/uploads/2021/04/WhatsApp-Image-2021-04-19-at-15.37.49.jpg]
[www.miraflores.gob.pe/wp-includes/css/dist/block-library/style.min35eb.css]
[www.miraflores.gob.pe/wp-content/plugins/html5-audio-player/style/player-style4e44.css]
[www.miraflores.gob.pe/wp-content/plugins/module-campanias/css/style35eb.css]
[www.miraflores.gob.pe/wp-content/plugins/wp-carousel-pro/public/css/slick.min5589.css]
[www.miraflores.gob.pe/wp-content/plugins/wp-carousel-pro/public/css/jquery.bxslider.min5589.css]
[www.miraflores.gob.pe/wp-content/plugins/wp-carousel-pro/public/css/font-awesome.min5589.css]
[www.miraflores.gob.pe/wp-content/plugins/wp-carousel-pro/public/css/jquery.fancybox.min5589.css]
[www.miraflores.gob.pe/wp-content/plugins/wp-carousel-pro/public/css/wp-carousel-pro-public.min5589.css]
[www.miraflores.gob.pe/wp-content/themes/munimiraflores/web-estilos/bootstrap.mincce7.css]
[www.miraflores.gob.pe/wp-content/themes/munimiraflores/web-estilos/all9f31.css]
[www.miraflores.gob.pe/wp-content/themes/munimiraflores/web-estilos/mmfuentes5152.css]
[www.miraflores.gob.pe/wp-content/themes/munimiraflores/web-estilos/mmiraflores62ea.css]
[www.miraflores.gob.pe/wp-content/themes/munimiraflores/web-estilos/singlepage5152.css]
[www.miraflores.gob.pe/wp-content/themes/munimiraflores/web-estilos/templatepage5152.css]
[www.miraflores.gob.pe/wp-content/themes/munimiraflores/web-estilos/minisite5152.css]
[www.miraflores.gob.pe/wp-content/themes/munimiraflores/web-estilos/responsive62ea.css]
[www.miraflores.gob.pe/wp-content/themes/munimiraflores/style5152.css]
[www.miraflores.gob.pe/wp-content/plugins/tablepress/css/default.min2c00.css]
[www.miraflores.gob.pe/wp-content/plugins/elementor/assets/lib/eicons/css/elementor-icons.min7816.css]
[www.miraflores.gob.pe/wp-content/plugins/elementor/assets/css/frontend-legacy.min1ed5.css]
[www.miraflores.gob.pe/wp-content/uploads/elementor/css/post-64813c4a9.css]
[www.miraflores.gob.pe/wp-content/uploads/elementor/css/globald3c5.css]
[www.miraflores.gob.pe/wp-content/plugins/elementor/assets/css/frontend.min1ed5.css]
[www.miraflores.gob.pe/wp-content/plugins/html5-audio-player/js/plyr4e44.js]
[www.miraflores.gob.pe/wp-content/themes/munimiraflores/web-scripts/bootstrap.mincce7.js]
[www.miraflores.gob.pe/wp-content/themes/munimiraflores/web-scripts/jquery-3.3.1.min3d36.js]
[www.miraflores.gob.pe/xmlrpc0db0.php]
[www.miraflores.gob.pe/wp-includes/wlwmanifest.xml]
[www.miraflores.gob.pe/wp-content/uploads/2019/08/cropped-favicon-miraflores-32x32.png]
[www.miraflores.gob.pe/wp-content/uploads/2019/08/cropped-favicon-miraflores-192x192.png]
[www.miraflores.gob.pe/wp-content/uploads/2019/08/cropped-favicon-miraflores-180x180.png]
[connect.facebook.net/en_US/sdk.js]
[www.miraflores.gob.pe/wp-content/uploads/2021/01/LOGOS-CABECERA-MM.jpg]
[www.miraflores.gob.pe/wp-content/themes/munimiraflores/web-imagenes/search-dark.png]
[www.miraflores.gob.pe/wp-content/themes/munimiraflores/web-imagenes/btn_transparencia_pte.png]
[www.miraflores.gob.pe/wp-content/themes/munimiraflores/web-imagenes/logo-plataforma-virtual.png]
[www.miraflores.gob.pe/wp-content/plugins/wp-carousel-pro/public/css/bx_loader.gif]
[www.miraflores.gob.pe/wp-content/uploads/2022/11/FLYER-VENCIMIENTO-NOVIEMBRE-2022-01.jpg]
[www.miraflores.gob.pe/wp-content/uploads/2019/05/CABECERA-VENC.-TRIBUTOS-NOVIEMBRE-2022.png]
[www.miraflores.gob.pe/wp-content/uploads/2022/10/FLYER.jpg]
[www.miraflores.gob.pe/transparencia/index.html]
[www.miraflores.gob.pe/plataforma-digital/index.html]
[www.miraflores.gob.pe/wp-content/uploads/2019/05/CABECERA-4.jpg]
[www.miraflores.gob.pe/wp-content/uploads/2019/05/Censo-del-artista-Miraflorino_WEB.jpg]
[www.miraflores.gob.pe/wp-content/uploads/2019/05/CABECERA-CASONA-1-1.jpg]
[www.miraflores.gob.pe/censo-del-artista-miraflorino/index.html]
[www.miraflores.gob.pe/wp-content/uploads/2019/05/cabecera-NUEVA-CLÍNICA.jpg]
[www.miraflores.gob.pe/los-servicios/desarrollo-urbano/programa-de-conservacion-de-casonas-protegiendo-la-memoria-e-identidad-de-miraflores/index.html]
[www.miraflores.gob.pe/wp-content/uploads/2019/05/CABECERA-WEB-SMART-CITY-3.png]
[www.miraflores.gob.pe/clinica-municipal-miraflores/index.html]
[www.miraflores.gob.pe/wp-content/uploads/2019/05/cabecera-parque-bicentenario-04-1.jpg]
[www.miraflores.gob.pe/wp-content/uploads/2019/05/CABECERA-APP-MIRAFLORES.png]
[www.miraflores.gob.pe/ciudad-digital/index.html]
[www.miraflores.gob.pe/wp-content/uploads/2019/05/FLYER-y-cabecera-matrimonio-comunitario-02-04-04.jpg]
[www.miraflores.gob.pe/parque-bicentenario/index.html]
[www.miraflores.gob.pe/wp-content/uploads/2022/03/Gran-Parque-Chino.pdf]
[www.miraflores.gob.pe/wp-content/uploads/2022/03/pop-up-04.jpg]
[www.miraflores.gob.pe/la-municipalidad/index.html]
[www.miraflores.gob.pe/la-ciudad/index.html]
[www.miraflores.gob.pe/wp-content/uploads/2019/06/alcalde.jpg]
[www.miraflores.gob.pe/wp-content/uploads/2020/05/ICONOS-CONTACTOS-EN-LINEA-e1590103563916.png]
[www.miraflores.gob.pe/los-servicios/index.html]
[www.miraflores.gob.pe/wp-content/uploads/2020/05/ICONO-PAGOS-EN-LINEA-2-e1588973855543.png]
[www.miraflores.gob.pe/wp-content/uploads/2019/03/icono-tributos-municipales.png]
[www.miraflores.gob.pe/wp-content/uploads/2020/05/ICONO-EMERGENCIA-DOMESTICA-e1590802212462.png]
[www.miraflores.gob.pe/wp-content/uploads/2019/03/ICONO-WEB-VPM.png]
[www.miraflores.gob.pe/los-servicios/desarrollo-humano/accesibilidad/index.html]
[www.miraflores.gob.pe/wp-content/uploads/2019/03/icono-ledificacion.png]
[www.miraflores.gob.pe/serenazgo/index.html]
[www.miraflores.gob.pe/wp-content/uploads/2019/03/icono-salaprensa.png]
[www.miraflores.gob.pe/wp-content/uploads/2020/03/icono-sugerencias-1.png]
[www.miraflores.gob.pe/wp-content/uploads/2019/06/icono-ledificacion.png]
[www.miraflores.gob.pe/la-municipalidad/alcaldia/index.html]
[www.miraflores.gob.pe/contactos-linea/index.html]
[www.miraflores.gob.pe/wp-content/uploads/2019/03/icono-atencion.png]
[www.miraflores.gob.pe/wp-content/uploads/2019/05/icono-intranet-web.png]
[www.miraflores.gob.pe/wp-content/uploads/2019/03/icono-lfuncionamiento.png]
[www.miraflores.gob.pe/wp-content/uploads/2019/05/icono-participacion-vecinal-web.png]
[www.miraflores.gob.pe/consultas-pagos-linea/index.html]
[www.miraflores.gob.pe/wp-content/uploads/2019/03/icono-registrosciviles.png]
[www.miraflores.gob.pe/wp-content/uploads/2019/03/icono-datos-abiertos.png]
[www.miraflores.gob.pe/wp-content/uploads/2019/08/icono-tusne.png]
[www.miraflores.gob.pe/wp-content/uploads/2021/01/ICONOS-WEB-DIVORCIO-Y-SEPERACION-2.png]
[www.miraflores.gob.pe/tributos-municipales/index.html]
[www.miraflores.gob.pe/wp-content/uploads/2019/11/recurso7.png]
[www.miraflores.gob.pe/wp-content/uploads/2020/05/logoggbase-e1588943299625.png]
[www.miraflores.gob.pe/emergencias-domestica/index.html]
[www.miraflores.gob.pe/wp-content/uploads/2020/09/ICONO-ECOHOGARES_vweb.png]
[www.miraflores.gob.pe/wp-content/uploads/2022/11/BOTON-DALE-CLICK-VENC.-TRIBUTOS-NOVIEMBRE-2022-1.png]
[www.miraflores.gob.pe/wp-content/uploads/2022/07/boton-dale-click.jpg]
[www.miraflores.gob.pe/vpm/index.html]
[www.miraflores.gob.pe/la-ciudad/licencia-de-edificacion/index.html]
[www.miraflores.gob.pe/wp-content/uploads/2019/05/BOTON-DALE-CLICK-Desarrollo-Urbano-04-04.jpg]
[www.miraflores.gob.pe/buzon-sugerencias/index.html]
[www.miraflores.gob.pe/wp-content/uploads/2022/07/flyer-cabecera-y-botón-negocios-02.jpg]
[www.miraflores.gob.pe/tupa/index.html]
[www.miraflores.gob.pe/wp-content/uploads/2022/08/BOTON-DALE-CLICK-SERVICIOS-CLINICA.jpg]
[www.miraflores.gob.pe/wp-content/uploads/2022/10/Subasta-Pública-N°-003-2022-MM.png]
[www.miraflores.gob.pe/wp-content/uploads/2022/04/BOTON-DALE-CLICK-GUIA-DE-AVES.png]
[www.miraflores.gob.pe/wp-content/uploads/2022/10/PLANO_IMAGEN_OCTUBRE22.pdf]
[www.miraflores.gob.pe/defensa-civil/edificio-seguro/index.html]
[www.miraflores.gob.pe/wp-content/uploads/2022/10/WhatsApp-Image-2022-10-18-at-11.27.42-AM.jpg]
[www.miraflores.gob.pe/wp-content/uploads/2022/07/BOTON-DALE-CLICK-2.jpg]
[www.miraflores.gob.pe/atencion-ciudadano/index.html]
[www.miraflores.gob.pe/los-servicios/participacion-vecinal/index.html]
[www.miraflores.gob.pe/wp-content/uploads/2022/10/Comunicado.pdf]
[www.miraflores.gob.pe/los-servicios/comercializacion/licencia-de-funcionamiento/index.html]
[www.miraflores.gob.pe/datos-abiertos/index.html]
[www.miraflores.gob.pe/wp-content/uploads/2022/10/WhatsApp-Image-2022-10-18-at-5.21.11-PM.jpg]
[www.miraflores.gob.pe/los-servicios/registros-civiles/index.html]
[www.miraflores.gob.pe/tupa/informacion-adicional/tarifario-municipal/index.html]
[www.miraflores.gob.pe/wp-content/uploads/2022/05/BOTON-CORRUPCIÓN.png]
[www.miraflores.gob.pe/wp-content/uploads/2022/03/BOTON-DALE-CLICK-ESTAC.-ROTA..png]
[www.miraflores.gob.pe/los-servicios/ambiental/ecohogares/index.html]
[www.miraflores.gob.pe/wp-content/uploads/2021/11/BOTON-DALE-CLICK-864-x-356-px-03.jpg]
[www.miraflores.gob.pe/los-servicios/separacion-y-divorcio/index.html]
[www.miraflores.gob.pe/impulsamos-tu-negocio/index.html]
[www.miraflores.gob.pe/wp-content/uploads/2022/05/BOTON-WEB-2022-CUENTAS.png]
[www.miraflores.gob.pe/nuevos-servicios/index.html]
[www.miraflores.gob.pe/wp-content/uploads/2021/11/1-2.png]
[www.miraflores.gob.pe/wp-content/uploads/2021/11/2-1.png]
[www.miraflores.gob.pe/wp-content/uploads/2021/11/3-1.png]
[www.miraflores.gob.pe/tarifario-de-clinica-municipal-de-miraflores/index.html]
[www.miraflores.gob.pe/wp-content/uploads/2021/11/4-1.png]
[www.miraflores.gob.pe/subasta-publica-n-003-2022-mm/index.html]
[www.miraflores.gob.pe/wp-content/uploads/2021/11/5-1.png]
[www.miraflores.gob.pe/wp-content/uploads/2021/11/8.png]
[www.miraflores.gob.pe/zonas-rigidas-2/index.html]
[www.miraflores.gob.pe/wp-content/uploads/2021/11/9.png]
[www.miraflores.gob.pe/wp-content/themes/munimiraflores/web-imagenes/icono-seccion-noticias.png]
[www.miraflores.gob.pe/wp-content/uploads/2022/11/WhatsApp-Image-2022-11-03-at-4.15.02-PM-481x254.jpg]
[www.miraflores.gob.pe/wp-content/uploads/2022/11/WhatsApp-Image-2022-11-03-at-11.01.01-AM-1-481x254.jpg]
[www.miraflores.gob.pe/bus-inclusivo/index.html]
[www.miraflores.gob.pe/wp-content/uploads/2022/11/WhatsApp-Image-2022-11-03-at-10.19.22-AM-481x254.jpg]
[www.miraflores.gob.pe/wp-content/uploads/2022/11/7E21AA32-79C1-41D7-A750-8D2A6AA04914-481x254.jpg]
[www.miraflores.gob.pe/todas-las-noticias/index.html]
[www.miraflores.gob.pe/wp-content/themes/munimiraflores/web-imagenes/boton_lucha_contra_corrupcion_web.png]
[www.miraflores.gob.pe/alcalde-luis-molina-afirmo-que-en-el-2022-la-municipalidad-de-miraflores-alcanzo-74-millones-de-soles-para-la-ejecucion-de-inversiones/index.html]
[www.miraflores.gob.pe/wp-content/themes/munimiraflores/web-imagenes/boton_lucha_contra_corrupcion_movil_.png]
[www.miraflores.gob.pe/preparativos-para-simulacro-multipeligro-nocturno-fueron-abordados-en-tercera-reunion-de-plataforma-de-defensa-civil/index.html]
[www.miraflores.gob.pe/personal-de-la-municipalidad-de-miraflores-visito-a-uno-de-sus-150-aliados-por-la-reduccion-del-plastico/index.html]
[www.miraflores.gob.pe/wp-content/themes/munimiraflores/web-imagenes/icono-calendario.png]
[www.miraflores.gob.pe/wp-content/uploads/2022/07/WhatsApp-Image-2022-07-21-at-8.24.03-AM-1.jpg]
[www.miraflores.gob.pe/alcalde-luis-molina-afirmo-que-la-comuna-miraflorina-incremento-su-inversion-en-un-24-en-el-presupuesto-anual/index.html]
[www.miraflores.gob.pe/wp-content/uploads/2022/10/39.png]
[www.miraflores.gob.pe/comision-lucha-contra-corrupcion/index.html]
[www.miraflores.gob.pe/agenda-actividades/index.html]
[www.miraflores.gob.pe/wp-content/uploads/2022/10/40.png]
[www.miraflores.gob.pe/wp-content/uploads/2022/10/44.png]
[www.miraflores.gob.pe/wp-content/themes/munimiraflores/web-imagenes/icono-seccion-areastem.png]
[www.miraflores.gob.pe/wp-content/uploads/2019/03/Areas-tematicas-2_Mesa-de-trabajo-1-copia-24.jpg]
[www.miraflores.gob.pe/wp-content/uploads/2019/03/Areas-tematicas_Mesa-de-trabajo-1-copia-24.jpg]
[www.miraflores.gob.pe/cultura-y-turismo/index.html]
[www.miraflores.gob.pe/wp-content/uploads/2019/03/Fotos-Areas-tematicas_Mesa-de-trabajo-1-copia-20.jpg]
[www.miraflores.gob.pe/wp-content/uploads/2019/03/imagen.jpg]
[www.miraflores.gob.pe/wp-content/uploads/2019/03/nuevas-obras_Mesa-de-trabajo-1-copia-19.jpg]
[www.miraflores.gob.pe/wp-content/uploads/2019/05/2-2.jpg]
[www.miraflores.gob.pe/wp-content/uploads/2019/05/Areas-tematicas_Mesa-de-trabajo-1-copia.jpg]
[www.miraflores.gob.pe/los-servicios/desarrollo-humano/index.html]
[www.miraflores.gob.pe/los-servicios/ambiental/index.html]
[www.miraflores.gob.pe/wp-content/uploads/2019/03/Areas-tematicas-2_Mesa-de-trabajo-1-copia.jpg]
[www.miraflores.gob.pe/los-servicios/obras-publicas/index.html]
[www.miraflores.gob.pe/coworking-casa-tovar/index.html]
[www.miraflores.gob.pe/wp-content/uploads/2019/04/Perritos-6.jpg]
[www.miraflores.gob.pe/defensa-civil/index.html]
[www.miraflores.gob.pe/wp-content/themes/munimiraflores/web-imagenes/icono-facebook.png]
[www.miraflores.gob.pe/wp-content/themes/munimiraflores/web-imagenes/icono-twitter.png]
[www.miraflores.gob.pe/los-servicios/desarrollo-humano/deportes/index.html]
[www.miraflores.gob.pe/wp-content/themes/munimiraflores/web-imagenes/icono-instagram.png]
[www.miraflores.gob.pe/wp-content/themes/munimiraflores/web-imagenes/icono-youtube.png]
[www.miraflores.gob.pe/wp-content/uploads/2019/11/icono-chat-final.png]
[www.miraflores.gob.pe/mascotas-2/index.html]
[www.miraflores.gob.pe/wp-content/themes/munimiraflores/web-scripts/mmiraflores5152.js]
[www.miraflores.gob.pe/wp-includes/js/wp-embed.min35eb.js]
[www.miraflores.gob.pe/wp-includes/js/jquery/jquery4a5f.js]
[www.miraflores.gob.pe/wp-includes/js/jquery/jquery-migrate.min330a.js]
[www.miraflores.gob.pe/wp-content/plugins/wp-carousel-pro/public/js/preloader.min5589.js]
[www.miraflores.gob.pe/wp-content/plugins/wp-carousel-pro/public/js/slick.min5589.js]
[www.miraflores.gob.pe/wp-content/plugins/wp-carousel-pro/public/js/wp-carousel-pro-public.min5589.js]
[www.miraflores.gob.pe/index.html]
[www.miraflores.gob.pe/wp-includes/css/dist/block-library/style.min35eb.css]
[www.miraflores.gob.pe/wp-content/plugins/html5-audio-player/style/player-style4e44.css]
[cdn.chatapi.net/webchat/widget/widget4052.js]
[www.miraflores.gob.pe/wp-content/plugins/module-campanias/font/4b5b90deb1ba9887160f88ad0abc4fc2.woff]
[www.miraflores.gob.pe/wp-content/plugins/module-campanias/font/e7eace3e52faed10186de77ca7d82ad9.woff]
[www.miraflores.gob.pe/wp-content/plugins/module-campanias/font/217ce3a8978f6faa145e988027489dc6.woff]
[www.miraflores.gob.pe/wp-content/plugins/module-campanias/css/style35eb.css]
[www.miraflores.gob.pe/wp-content/plugins/wp-carousel-pro/public/css/ajax-loader.gif]
[www.miraflores.gob.pe/wp-content/plugins/wp-carousel-pro/public/css/slick.min5589.css]
[www.miraflores.gob.pe/wp-content/plugins/wp-carousel-pro/public/css/jquery.bxslider.min5589.css]
[www.miraflores.gob.pe/wp-content/plugins/wp-carousel-pro/public/fonts/fontawesome-webfont3e6e.eot]
[www.miraflores.gob.pe/wp-content/plugins/wp-carousel-pro/public/fonts/fontawesome-webfontd41d.eot]
[www.miraflores.gob.pe/wp-content/plugins/wp-carousel-pro/public/fonts/fontawesome-webfont3e6e.woff]
[www.miraflores.gob.pe/wp-content/plugins/wp-carousel-pro/public/fonts/fontawesome-webfont3e6e.ttf]
[www.miraflores.gob.pe/wp-content/plugins/wp-carousel-pro/public/css/font-awesome.min5589.css]
[www.miraflores.gob.pe/wp-content/plugins/wp-carousel-pro/public/css/jquery.fancybox.min5589.css]
[www.miraflores.gob.pe/wp-content/plugins/wp-carousel-pro/public/css/wp-carousel-pro-public.min5589.css]
[www.miraflores.gob.pe/wp-content/themes/munimiraflores/web-estilos/bootstrap.mincce7.css]
[www.miraflores.gob.pe/wp-content/themes/munimiraflores/web-estilos/webfonts/fa-brands-400.eot]
[www.miraflores.gob.pe/wp-content/themes/munimiraflores/web-estilos/webfonts/fa-brands-400d41d.eot]
[www.miraflores.gob.pe/wp-content/themes/munimiraflores/web-estilos/webfonts/fa-brands-400.woff]
[www.miraflores.gob.pe/wp-content/themes/munimiraflores/web-estilos/webfonts/fa-brands-400.ttf]
[www.miraflores.gob.pe/wp-content/themes/munimiraflores/web-estilos/webfonts/fa-regular-400.eot]
[www.miraflores.gob.pe/wp-content/themes/munimiraflores/web-estilos/webfonts/fa-regular-400d41d.eot]
[www.miraflores.gob.pe/wp-content/themes/munimiraflores/web-estilos/webfonts/fa-regular-400.woff]
[www.miraflores.gob.pe/wp-content/themes/munimiraflores/web-estilos/webfonts/fa-regular-400.ttf]
[www.miraflores.gob.pe/wp-content/themes/munimiraflores/web-estilos/webfonts/fa-solid-900.eot]
[www.miraflores.gob.pe/wp-content/themes/munimiraflores/web-estilos/webfonts/fa-solid-900d41d.eot]
[www.miraflores.gob.pe/wp-content/themes/munimiraflores/web-estilos/webfonts/fa-solid-900.woff]
[www.miraflores.gob.pe/wp-content/themes/munimiraflores/web-estilos/webfonts/fa-solid-900.ttf]
[www.miraflores.gob.pe/wp-content/themes/munimiraflores/web-estilos/all9f31.css]
[www.miraflores.gob.pe/wp-content/themes/munimiraflores/web-fonts/Harabara.eot]
[www.miraflores.gob.pe/wp-content/themes/munimiraflores/web-fonts/Harabara.woff]
[www.miraflores.gob.pe/wp-content/themes/munimiraflores/web-fonts/Harabara.ttf]
[www.miraflores.gob.pe/wp-content/themes/munimiraflores/web-fonts/Gill Sans.woff]
[www.miraflores.gob.pe/wp-content/themes/munimiraflores/web-fonts/GillSans Condensed.woff]
[www.miraflores.gob.pe/wp-content/themes/munimiraflores/web-fonts/Gill Sans Italic.woff]
[www.miraflores.gob.pe/wp-content/themes/munimiraflores/web-fonts/Gill Sans Light.woff]
[www.miraflores.gob.pe/wp-content/themes/munimiraflores/web-fonts/Gill Sans Light Italic.woff]
[www.miraflores.gob.pe/wp-content/themes/munimiraflores/web-fonts/Gill Sans Medium.woff]
[www.miraflores.gob.pe/wp-content/themes/munimiraflores/web-fonts/Gill Sans Medium Italic.woff]
[www.miraflores.gob.pe/wp-content/themes/munimiraflores/web-fonts/Gill Sans Bold.woff]
[www.miraflores.gob.pe/wp-content/themes/munimiraflores/web-fonts/GillSans Condensed Bold.woff]
[www.miraflores.gob.pe/wp-content/themes/munimiraflores/web-fonts/Gill Sans Bold Italic.woff]
[www.miraflores.gob.pe/wp-content/themes/munimiraflores/web-fonts/Gill Sans Heavy.woff]
[www.miraflores.gob.pe/wp-content/themes/munimiraflores/web-fonts/Gill Sans Heavy Italic.woff]
[www.miraflores.gob.pe/wp-content/themes/munimiraflores/web-estilos/mmfuentes5152.css]
[www.miraflores.gob.pe/wp-content/themes/munimiraflores/web-estilos/mmiraflores62ea.css]
[www.miraflores.gob.pe/wp-content/themes/munimiraflores/web-estilos/singlepage5152.css]
[www.miraflores.gob.pe/wp-content/themes/munimiraflores/web-estilos/templatepage5152.css]
[www.miraflores.gob.pe/wp-content/themes/munimiraflores/web-estilos/minisite5152.css]
[www.miraflores.gob.pe/wp-content/themes/munimiraflores/web-estilos/responsive62ea.css]
[www.miraflores.gob.pe/wp-content/themes/munimiraflores/style5152.css]
[www.miraflores.gob.pe/wp-content/plugins/tablepress/css/tablepress.eot]
[www.miraflores.gob.pe/wp-content/plugins/tablepress/css/tablepressd41d.eot]
[www.miraflores.gob.pe/wp-content/plugins/tablepress/css/default.min2c00.css]
[www.miraflores.gob.pe/wp-content/plugins/elementor/assets/lib/eicons/fonts/eicons5519.eot]
[www.miraflores.gob.pe/wp-content/plugins/elementor/assets/lib/eicons/fonts/eicons5519.woff]
[www.miraflores.gob.pe/wp-content/plugins/elementor/assets/lib/eicons/fonts/eicons5519.ttf]
[www.miraflores.gob.pe/wp-content/plugins/elementor/assets/lib/eicons/css/elementor-icons.min7816.css]
[www.miraflores.gob.pe/wp-content/plugins/elementor/assets/css/frontend-legacy.min1ed5.css]
[www.miraflores.gob.pe/wp-content/plugins/elementor/assets/css/frontend.min1ed5.css]
[www.miraflores.gob.pe/wp-content/uploads/elementor/css/post-64813c4a9.css]
[www.miraflores.gob.pe/wp-content/uploads/elementor/css/globald3c5.css]
[www.miraflores.gob.pe/wp-json/oembed/1.0/embed424a.json]
[www.miraflores.gob.pe/wp-json/oembed/1.0/embed254f]
[www.miraflores.gob.pe/wp-json/tribe/events/v1/index.html]
[www.miraflores.gob.pe/xmlrpc.php]
[connect.facebook.net/en_US/sdk.js]
[www.miraflores.gob.pe/wp-content/uploads/2019/07/fondo-miraflores-fb-open-graph.jpg]
[www.miraflores.gob.pe/wp-content/uploads/2019/03/btn-transparencia.png]
[www.miraflores.gob.pe/wp-content/themes/munimiraflores/web-imagenes/logo_miraflores_v1.png]
[www.miraflores.gob.pe/wp-content/uploads/2022/07/botón-denuncia.gif]
[www.miraflores.gob.pe/wp-content/themes/munimiraflores/web-imagenes/linea-colores.png]
[www.miraflores.gob.pe/transparencia/index.html]
[www.miraflores.gob.pe/plataforma-digital/favicon.ico]
[www.miraflores.gob.pe/transparencia/convocatorias-cas/index.html]
[www.miraflores.gob.pe/plataforma-digital/index.html]
[www.miraflores.gob.pe/wp-content/uploads/2022/10/Censo-del-artista-Miraflorino_Mesa-de-trabajo-1.jpg]
[www.miraflores.gob.pe/plataforma-digital/dist/buildda0f.js]
[www.miraflores.gob.pe/wp-content/plugins/elementor/assets/lib/animations/animations.min1ed5.css]
[www.miraflores.gob.pe/wp-content/plugins/elementor/assets/js/webpack.runtime.min1ed5.js]
[www.miraflores.gob.pe/wp-content/plugins/elementor/assets/js/frontend-modules.min1ed5.js]
[www.miraflores.gob.pe/wp-content/plugins/elementor/assets/lib/waypoints/waypoints.min05da.js]
[www.miraflores.gob.pe/wp-includes/js/jquery/ui/position.mine899.js]
[www.miraflores.gob.pe/wp-content/plugins/elementor/assets/lib/swiper/swiper.min48f5.js]
[www.miraflores.gob.pe/wp-content/plugins/elementor/assets/lib/share-link/share-link.min1ed5.js]
[www.miraflores.gob.pe/wp-content/plugins/elementor/assets/lib/dialog/dialog.mind227.js]
[www.miraflores.gob.pe/wp-content/plugins/elementor/assets/js/frontend.min1ed5.js]
[www.miraflores.gob.pe/wp-content/plugins/elementor/assets/js/preloaded-modules.min1ed5.js]
[www.miraflores.gob.pe/wp-content/plugins/the-events-calendar/common/src/resources/js/underscore-before.js]
[www.miraflores.gob.pe/wp-includes/js/underscore.min4511.js]
[www.miraflores.gob.pe/wp-content/plugins/the-events-calendar/common/src/resources/js/underscore-after.js]
[www.miraflores.gob.pe/wp-includes/js/wp-util.min35eb.js]
[www.miraflores.gob.pe/wp-content/plugins/wpforms-lite/assets/js/integrations/elementor/frontend.min1a7b.js]
[www.miraflores.gob.pe/censo-del-artista-miraflorino/index.html]
[www.miraflores.gob.pe/wp-content/uploads/2022/10/DSC08603-1024x683.png]
[www.miraflores.gob.pe/wp-content/uploads/elementor/css/post-65596a9f.css]
[www.miraflores.gob.pe/wp-content/uploads/2022/10/DSC08689-1024x683.png]
[www.miraflores.gob.pe/wp-content/uploads/2022/10/DSC08526-1024x683.png]
[www.miraflores.gob.pe/wp-content/uploads/2022/10/Foto_Casa_Suarez-1024x683-1024x683.jpg]
[www.miraflores.gob.pe/wp-content/uploads/2022/10/DSC01331-1024x683.jpg]
[www.miraflores.gob.pe/wp-content/uploads/2022/10/DSC01338-1024x683.jpg]
[www.miraflores.gob.pe/los-servicios/desarrollo-urbano/index.html]
[www.miraflores.gob.pe/wp-content/uploads/2022/10/DSC04368-1024x683.png]
[www.miraflores.gob.pe/wp-content/uploads/2022/10/LISTADO-DE-PREDIOS-CON-CERTIFICADOS-DE-DERECHOS-EDIFICATORIOS.pdf]
[www.miraflores.gob.pe/wp-content/uploads/2022/03/Listado_de_bienes___Patrimonio_Cultural_de_la_Nacion.pdf]
[www.miraflores.gob.pe/wp-content/uploads/2022/10/DSC01389-300x200.jpg]
[www.miraflores.gob.pe/wp-content/uploads/2022/10/DSC04523-300x200.png]
[www.miraflores.gob.pe/wp-content/uploads/2022/10/DSC01246-300x200.jpg]
[www.miraflores.gob.pe/wp-content/uploads/2022/10/DSC01372-300x200.jpg]
[www.miraflores.gob.pe/wp-content/uploads/2022/10/DSC04418-768x512.png]
[www.miraflores.gob.pe/wp-content/uploads/2022/10/DSC01242-1024x683.jpg]
[www.miraflores.gob.pe/wp-content/uploads/2022/10/DSC04529-1024x683.png]
[www.miraflores.gob.pe/wp-content/uploads/2022/10/DSC04465-200x300.png]
[www.miraflores.gob.pe/wp-content/uploads/2022/10/DSC04513-200x300.png]
[www.miraflores.gob.pe/wp-content/uploads/2022/10/DSC04533-200x300.png]
[www.miraflores.gob.pe/wp-content/uploads/2022/10/DSC04537-200x300.png]
[www.miraflores.gob.pe/wp-content/uploads/2022/10/DSC04425-200x300.png]
[www.miraflores.gob.pe/wp-content/uploads/2022/10/DSC04393-200x300.png]
[www.miraflores.gob.pe/wp-content/uploads/2022/10/QRS.jpg]
[www.miraflores.gob.pe/wp-content/uploads/2022/10/preguntas-y-respuestas-casonas-1.jpg]
[www.miraflores.gob.pe/los-servicios/desarrollo-urbano/programa-de-conservacion-de-casonas-protegiendo-la-memoria-e-identidad-de-miraflores/index.html]
[www.miraflores.gob.pe/wp-content/uploads/2022/07/boton-2.png]
[www.miraflores.gob.pe/wp-content/uploads/elementor/css/post-65738956b.css]
[www.miraflores.gob.pe/wp-content/uploads/2022/07/boton-1.png]
[www.miraflores.gob.pe/wp-content/uploads/2022/07/boton-3.png]
[www.miraflores.gob.pe/wp-content/uploads/2022/10/boton-4-4.png]
[www.miraflores.gob.pe/wp-content/uploads/2022/07/Clínica-Municipal-web-4007-1024x683.jpg]
[www.miraflores.gob.pe/clinica-municipal-miraflores/index.html]
[www.miraflores.gob.pe/wp-content/uploads/2022/06/BOTON-SMART-1.png]
[www.miraflores.gob.pe/wp-content/uploads/elementor/css/post-6376714ed.css]
[www.miraflores.gob.pe/informacion-3/index.html]
[www.miraflores.gob.pe/preguntas-y-respuestas/index.html]
[www.miraflores.gob.pe/nuestros-servicios/index.html]
[www.miraflores.gob.pe/wp-content/uploads/2022/06/BOTON-SMART-2.png]
[www.miraflores.gob.pe/wp-content/uploads/2022/06/BOTON-SMART-3.png]
[www.miraflores.gob.pe/wp-content/uploads/2022/06/BOTON-SMART-4.png]
[www.miraflores.gob.pe/wp-content/uploads/2022/06/BOTON-SMART-5.png]
[www.miraflores.gob.pe/wp-content/uploads/2022/06/BOTON-SMART-6.png]
[www.miraflores.gob.pe/historia-y-antecedentes/index.html]
[www.miraflores.gob.pe/wp-content/uploads/2022/06/cabecera-1024-x-1024.png]
[www.miraflores.gob.pe/ciudad-digital/index.html]
[www.miraflores.gob.pe/objetivos-ciudad-digital/index.html]
[www.miraflores.gob.pe/propuesta-de-seguridad-ciudadana/index.html]
[www.miraflores.gob.pe/propuesta-de-movilidad-urbana/index.html]
[www.miraflores.gob.pe/wp-content/uploads/2022/06/BOTONES-2-1.png]
[www.miraflores.gob.pe/entrevistas/index.html]
[www.miraflores.gob.pe/wp-content/uploads/elementor/css/post-53678779b.css]
[www.miraflores.gob.pe/eventos-ciudad-inteligente/index.html]
[www.miraflores.gob.pe/wp-content/uploads/2022/06/BOTONES-3.png]
[www.miraflores.gob.pe/wp-content/uploads/2022/06/BOTONES-4.png]
[www.miraflores.gob.pe/wp-content/uploads/2022/06/BOTONES-5-2.png]
[www.miraflores.gob.pe/wp-content/uploads/2022/06/BOTONES-6.png]
[www.miraflores.gob.pe/wp-content/uploads/2022/06/BOTONES-7.png]
[www.miraflores.gob.pe/wp-content/uploads/2022/06/BOTON-SMART-7-1.png]
[www.miraflores.gob.pe/wp-content/uploads/2022/05/Foto-Potada-compress-1024x720.jpg]
[www.miraflores.gob.pe/parque-bicentenario/index.html]
[www.miraflores.gob.pe/parque-bicentenario-v2/historia/index.html]
[www.miraflores.gob.pe/objetivos/index.html]
[www.miraflores.gob.pe/wp-content/uploads/2019/06/cab-municipalidad.jpg]
[www.miraflores.gob.pe/eventos-parque-bicentenario/index.html]
[www.miraflores.gob.pe/polinizacion/index.html]
[www.miraflores.gob.pe/flora/index.html]
[www.miraflores.gob.pe/noticias-parque-bicentenario/index.html]
[www.miraflores.gob.pe/mirador-bicentenario/index.html]
[www.miraflores.gob.pe/whatsapp-image-2022-04-06-at-3-18-32-pm-768x968/index.html]
[www.miraflores.gob.pe/la-municipalidad/index.html]
[www.miraflores.gob.pe/alcaldia/index.html]
[www.miraflores.gob.pe/la-municipalidad/regidores/index.html]
[www.miraflores.gob.pe/wp-content/uploads/2019/07/conoce-ciudad-3000x2000.jpg]
[www.miraflores.gob.pe/wp-content/uploads/2019/03/gal_iglesiasytem-2000x1000.jpg]
[www.miraflores.gob.pe/wp-content/uploads/2019/03/gal_calles-1000x1000.jpg]
[www.miraflores.gob.pe/wp-content/uploads/2020/11/Casa-Museo-3000x1500.jpg]
[www.miraflores.gob.pe/wp-content/uploads/2019/03/gal_mirawifi-3000x1000.jpg]
[www.miraflores.gob.pe/la-ciudad/conoce-tu-ciudad/index.html]
[www.miraflores.gob.pe/wp-content/uploads/2019/03/gal_gastronom-3000x1000.jpg]
[www.miraflores.gob.pe/wp-content/uploads/2019/03/gal_inforgeneral-3000x1500.jpg]
[www.miraflores.gob.pe/wp-content/uploads/2019/03/gal_patrimonio-3000x1000.jpg]
[www.miraflores.gob.pe/wp-content/uploads/2019/03/gal_playas-3000x1000.jpg]
[www.miraflores.gob.pe/wp-content/uploads/2019/07/Parques-3000x1000.jpg]
[www.miraflores.gob.pe/la-ciudad/iglesias-y-templos/index.html]
[www.miraflores.gob.pe/wp-content/plugins/modula-best-grid-gallery/assets/css/modula.min3c94.css]
[www.miraflores.gob.pe/wp-content/plugins/modula-best-grid-gallery/assets/js/packery.min3c94.js]
[www.miraflores.gob.pe/la-ciudad/calles/index.html]
[www.miraflores.gob.pe/la-ciudad/index.html]
[www.miraflores.gob.pe/wp-content/plugins/modula-best-grid-gallery/assets/js/jquery-modula.min3c94.js]
[www.miraflores.gob.pe/la-ciudad/historia/index.html]
[www.miraflores.gob.pe/la-ciudad/miraflores-wi-fi/index.html]
[www.miraflores.gob.pe/la-ciudad/gastronomia/index.html]
[www.miraflores.gob.pe/wp-content/uploads/2019/03/gal_participacionv-3000x1500.jpg]
[www.miraflores.gob.pe/la-ciudad/informacion-general/index.html]
[www.miraflores.gob.pe/wp-content/uploads/2021/03/Fotos-Areas-tematicas_Mesa-de-trabajo-1-copia-21-3000x2000.jpg]
[www.miraflores.gob.pe/la-ciudad/playas/index.html]
[www.miraflores.gob.pe/wp-content/uploads/2021/03/MIRAFLORES-BAJA-3000x1500.jpg]
[www.miraflores.gob.pe/la-ciudad/patrimonio-cultural/index.html]
[www.miraflores.gob.pe/wp-content/uploads/2021/03/WhatsApp-Image-2021-03-29-at-9.11.03-AM-3-3000x1500.jpg]
[www.miraflores.gob.pe/wp-content/uploads/2021/03/DSC01509-3000x1500.jpg]
[www.miraflores.gob.pe/la-ciudad/parques/index.html]
[www.miraflores.gob.pe/wp-content/uploads/2021/03/DSC_0025-3000x1500.jpg]
[www.miraflores.gob.pe/wp-content/uploads/2021/03/IMG_4746-3000x1500.jpg]
[www.miraflores.gob.pe/wp-content/uploads/2021/03/jovenes3-3000x2000.jpg]
[www.miraflores.gob.pe/los-servicios/administracion-y-finanzas/index.html]
[www.miraflores.gob.pe/wp-content/uploads/2022/05/22-1-3000x1000.jpg]
[www.miraflores.gob.pe/wp-content/uploads/2019/07/Archivo-central-3000x1000.jpg]
[www.miraflores.gob.pe/cultura-miraflores/index.html]
[www.miraflores.gob.pe/wp-content/uploads/2021/03/DSC_0091-01-1-3000x1500.jpg]
[www.miraflores.gob.pe/los-servicios/desarrollo-humano/programa-jovenes-miraflores/index.html]
[www.miraflores.gob.pe/wp-content/uploads/2021/03/obras-3000x1500.jpg]
[www.miraflores.gob.pe/fiscalizacion-y-control-v1/index.html]
[www.miraflores.gob.pe/wp-content/uploads/2021/03/esta-1-3000x1500.jpg]
[www.miraflores.gob.pe/los-servicios/archivo-central/index.html]
[www.miraflores.gob.pe/wp-content/uploads/2021/04/imagen-coworking-3000x1000.jpg]
[www.miraflores.gob.pe/wp-content/uploads/2021/03/Catastro-3000x1500.jpg]
[www.miraflores.gob.pe/wp-content/uploads/2021/04/Adulto-Mayor-2-3000x1500.jpg]
[www.miraflores.gob.pe/los-servicios/comercializacion/index.html]
[www.miraflores.gob.pe/wp-content/uploads/2019/04/SEPARACION-Y-DIVORCIO-2-3000x1500.jpg]
[www.miraflores.gob.pe/los-servicios/catastro/index.html]
[www.miraflores.gob.pe/wp-content/uploads/2021/03/DSC_0152-3000x2000.jpg]
[www.miraflores.gob.pe/los-servicios/adulto-mayor/index.html]
[www.miraflores.gob.pe/los-servicios/limpieza-publica-y-areas-verdes/index.html]
[www.miraflores.gob.pe/wp-content/uploads/2019/07/Bienes-muebles-3000x1000.jpg]
[www.miraflores.gob.pe/los-servicios/index.html]
[www.miraflores.gob.pe/los-servicios/donacion-de-bienes-raee-2019/index.html]
[www.miraflores.gob.pe/wp-content/uploads/2022/03/WhatsApp-Image-2022-02-24-at-10.51.22-AM-1.jpg]
[www.miraflores.gob.pe/wp-content/uploads/2022/03/275371507_329746172515150_1472965490848528775_n.jpg]
[www.miraflores.gob.pe/wp-content/uploads/2022/03/WhatsApp-Image-2022-02-24-at-10.51.21-AM-2.jpg]
[www.miraflores.gob.pe/wp-content/uploads/2022/03/WhatsApp-Image-2022-02-24-at-10.51.20-AM.jpg]
[www.miraflores.gob.pe/wp-content/uploads/2022/03/WhatsApp-Image-2022-03-08-at-3.25.16-PM-1.jpg]
[www.miraflores.gob.pe/wp-content/uploads/2022/03/IMG_2539-copia-768x512-768x512.jpg]
[www.miraflores.gob.pe/serenazgo/index.html]
[www.miraflores.gob.pe/wp-content/uploads/2022/03/FLYER-APP-BOTÓN-DE-RIESGO-01-1-768x960.jpg]
[www.miraflores.gob.pe/serenazgo/boton-de-panico/index.html]
[www.miraflores.gob.pe/serenazgo/alerta-miraflores/index.html]
[www.miraflores.gob.pe/serenazgo/sereno-de-mi-barrio/index.html]
[www.miraflores.gob.pe/los-servicios/desarrollo-humano/accesibilidad/index.html]
[www.miraflores.gob.pe/serenazgo/nuestros-serenos/index.html]
[www.miraflores.gob.pe/serenazgo/movilidad-urbana-y-seguridad-vial/index.html]
[www.miraflores.gob.pe/serenazgo/codisec/index.html]
[www.miraflores.gob.pe/serenazgo/central-alerta-miraflores/index.html]
[www.miraflores.gob.pe/wp-content/uploads/2021/06/Foto-Alcalde.jpg]
[www.miraflores.gob.pe/wp-content/uploads/2022/02/Foto-Collage_Mesa-de-trabajo-1-2-1500x2000.jpg]
[www.miraflores.gob.pe/wp-content/uploads/2022/02/4_Mesa-de-trabajo-1-2000x1000.jpg]
[www.miraflores.gob.pe/wp-content/uploads/2022/02/5_Mesa-de-trabajo-1-1-1500x2000.jpg]
[www.miraflores.gob.pe/wp-content/uploads/2022/02/fotos-3_Mesa-de-trabajo-1-1-1000x1000.jpg]
[www.miraflores.gob.pe/wp-content/uploads/2022/02/Foto-2_Mesa-de-trabajo-1-1-2000x1000.jpg]
[www.miraflores.gob.pe/wp-content/uploads/2022/02/foto1_Mesa-de-trabajo-1-1000x1000.jpg]
[www.miraflores.gob.pe/la-municipalidad/alcaldia/index.html]
[www.miraflores.gob.pe/wp-content/uploads/elementor/css/post-75372123.css]
[cdn.chatapi.net/files/61422/39947/1629747526/web_tributos_conversemos_4.png]
[www.miraflores.gob.pe/wp-content/uploads/elementor/thumbs/TELEFONOS-Y-MAILS-opv8j18cyxn16msieiuira7zc1mrs26g2gzpb4gygk.png]
[www.miraflores.gob.pe/wp-content/uploads/elementor/thumbs/ATENCION-PRESENCIAL-opv8ibupueoah5tdipvldymjan3v08doyzdlcnil4k.png]
[www.miraflores.gob.pe/wp-content/uploads/elementor/thumbs/SOLICITA-TU-ATENCION-VIRTUAL-opv8gh46d64xkuibcf12yxgt4a8stq0r1t24a09jec.png]
[www.miraflores.gob.pe/contactos-linea/index.html]
[www.miraflores.gob.pe/wp-content/uploads/elementor/thumbs/FLYER-VENCIMIENTO-NOVIEMBRE-2022-01-px4u7fkgg8dd6hgbzwc5m9k8t63id0hzuy63ypn1c8.jpg]
[www.miraflores.gob.pe/citas-plataforma/index3872.html]
[www.miraflores.gob.pe/telefonos-y-mails-2/index.html]
[www.miraflores.gob.pe/wp-content/uploads/elementor/css/post-17275952.css]
[www.miraflores.gob.pe/citas-plataforma/index83a8.html]
[www.miraflores.gob.pe/wp-content/uploads/elementor/thumbs/FLYER-VENCIMIENTO-2022-OK-6-prezv9m3m7dz4gwp2nu2fsiv0q57kyhtrbnrwhdzt4.jpg]
[www.miraflores.gob.pe/wp-content/uploads/elementor/thumbs/FLYER-MULTAS-ADMINISTRATIVAS-psovcxwowswotwf6oyuiityfr8ar4okr89goty76ow.jpg]
[www.miraflores.gob.pe/wp-content/uploads/2020/05/admin-ajax.jpg]
[www.miraflores.gob.pe/wp-content/uploads/2020/05/admin-ajax-3.jpg]
[www.miraflores.gob.pe/wp-content/uploads/2020/05/admin-ajax-2.jpg]
[www.miraflores.gob.pe/wp-content/uploads/2020/05/admin-ajax-4.jpg]
[www.miraflores.gob.pe/consulta_vehiculos.html]
[www.miraflores.gob.pe/consultas-pagos-linea/index.html]
[www.miraflores.gob.pe/wp-content/uploads/elementor/thumbs/FLYER-PAGOS-AL-BANCO-03-pkw6q0hgthgwu7joeicey2ppdozjbtztz2t12r5me8.jpg]
[www.miraflores.gob.pe/sesiones-de-concejo/index.html]
[www.miraflores.gob.pe/wp-content/uploads/elementor/css/post-1805fbdc.css]
[www.miraflores.gob.pe/consulta-de-expedientes/index.html]
[www.miraflores.gob.pe/wp-content/uploads/elementor/thumbs/foto.-pr2wqcba5j9r8xqswc5kyoaxom46k3unfnoizpeh7k.jpg]
[www.miraflores.gob.pe/wp-content/uploads/elementor/thumbs/FLYER-CONSULTAS-768x768-pkufkdlfj717q04nu7ui8bi19xg5kkth1mik4sar34.png]
[www.miraflores.gob.pe/wp-content/uploads/2019/08/banco_bcp.jpg]
[www.miraflores.gob.pe/wp-content/uploads/2019/08/banco_scotiabank.jpg]
[www.miraflores.gob.pe/wp-content/uploads/2019/08/banco-bbva.jpg]
[www.miraflores.gob.pe/wp-content/uploads/2019/08/banco_banbif.jpg]
[www.miraflores.gob.pe/wp-content/uploads/2022/09/ATENCION-DE-PAGOS-CARTILLA-01-1.jpg]
[www.miraflores.gob.pe/wp-content/uploads/2022/01/FECHAS-TRIBUTOS.png]
[www.miraflores.gob.pe/tributos-municipales/index.html]
[www.miraflores.gob.pe/wp-content/uploads/2020/06/FLYER-CORRECCIONES-EN-TEXTO-300x300.png]
[www.miraflores.gob.pe/tributos-municipales/legislacion/index.html]
[www.miraflores.gob.pe/tributos-municipales/formularios/index.html]
[www.miraflores.gob.pe/Gestorw3b/files/pdf/CONDICIONADO MUNICIPALIDAD MIRAFLORES 2019.pdf]
[www.miraflores.gob.pe/emergencias-domestica/index.html]
[www.miraflores.gob.pe/tributos-municipales/orientacion-tributaria/index.html]
[www.miraflores.gob.pe/tributos-municipales/tramites/index.html]
[www.miraflores.gob.pe/wp-content/uploads/2021/08/1-1024x454.png]
[www.miraflores.gob.pe/tributos-municipales/cobranza-dudosa/index.html]
[www.miraflores.gob.pe/tributos-municipales/lugares-de-pago/index.html]
[www.miraflores.gob.pe/wp-content/uploads/2021/10/FLYER-VPM-2021-MAILING.jpg]
[www.miraflores.gob.pe/wp-content/uploads/vpm/Padron_Sorteo_VPM_2019.pdf]
[www.miraflores.gob.pe/wp-content/uploads/vpm/ACTA-FINAL-SORTEO-VPM-19.pdf]
[www.miraflores.gob.pe/Gestorw3b/files/pdf/10963-31848-acta_sorteo_vpm_20.11.2018.pdf]
[www.miraflores.gob.pe/beneficios-vpm/index.html]
[www.miraflores.gob.pe/Gestorw3b/files/pdf/6632-31895-padron_sorteo_vpm_2018x.pdf]
[www.miraflores.gob.pe/Gestorw3b/files/pdf/6632-28800-anexo_ganadores_2017.pdf]
[www.miraflores.gob.pe/beneficios-vpm/servicios-asistencia/index.html]
[www.miraflores.gob.pe/Gestorw3b/files/pdf/6632-28799-padron_2017.......pdf]
[www.miraflores.gob.pe/beneficios-vpm/tarifa-preferencial/index.html]
[www.miraflores.gob.pe/Gestorw3b/files/pdf/9982-23051-Acta Sorteo VPM 16 Diciembre 2016.pdf]
[www.miraflores.gob.pe/beneficios-vpm/promociones-descuentos/index.html]
[www.miraflores.gob.pe/Gestorw3b/files/pdf/9982-22947-PadronFinalSorteoVPM2016.pdf]
[www.miraflores.gob.pe/Gestorw3b/files/pdf/8311-19289-acta-vpm.pdf]
[www.miraflores.gob.pe/Gestorw3b/files/img/8311-19141-padron-sorteo-vpm_2015-1.pdf]
[www.miraflores.gob.pe/Gestorw3b/files/pdf/6702-14119-acta_de_sorteo_vpm.pdf]
[www.miraflores.gob.pe/Gestorw3b/files/pdf/6702-10572-acta_2013.pdf]
[www.miraflores.gob.pe/Gestorw3b/files/pdf/7555-10477-padron_de_sorteo_vpm_2013_11_12_2013.pdf]
[www.miraflores.gob.pe/Gestorw3b/files/pdf/6587-6194-acta-del-sorteo-vpm.pdf]
[www.miraflores.gob.pe/wp-content/uploads/2021/08/2-1024x452.png]
[www.miraflores.gob.pe/vpm/index.html]
[www.miraflores.gob.pe/beneficios-vpm/establecimientos/index.html]
[www.miraflores.gob.pe/wp-content/uploads/2019/01/5392-522-icona_pdf.jpg]
[www.miraflores.gob.pe/Gestorw3b/files/pdf/5144-26824-i_fuhu.pdf]
[www.miraflores.gob.pe/Gestorw3b/files/pdf/5144-26825-ii_fue.pdf]
[www.miraflores.gob.pe/Gestorw3b/files/pdf/5144-26826-iii_fuhu_co_hurb.pdf]
[www.miraflores.gob.pe/Gestorw3b/files/pdf/5144-26827-iv_fue_conformidad_de_obra_y_declaratoria_de_edificacion.pdf]
[www.miraflores.gob.pe/Gestorw3b/files/pdf/5144-26828-v_anexo_a_condominos_naturales.pdf]
[www.miraflores.gob.pe/Gestorw3b/files/pdf/5144-26829-vi_anexo_b_condominos_juridicas.pdf]
[www.miraflores.gob.pe/Gestorw3b/files/pdf/5144-26830-vii_anexo_c.pdf]
[www.miraflores.gob.pe/Gestorw3b/files/pdf/5144-27592-xi_anexo_h_actual.pdf]
[www.miraflores.gob.pe/Gestorw3b/files/pdf/5144-26831-xii_acta_de_verificacion_y_dictamen_hurb.pdf]
[www.miraflores.gob.pe/Gestorw3b/files/pdf/5144-26832-xiii_acta_de_verificacion_y_dictamen_edif.pdf]
[www.miraflores.gob.pe/Gestorw3b/files/pdf/5144-26833-xiv_plano_de_ubicacion.pdf]
[www.miraflores.gob.pe/Gestorw3b/files/pdf/5144-26834-xv_carta_de_seguridad_de_obra.pdf]
[www.miraflores.gob.pe/Gestorw3b/files/pdf/5144-26835-xvi_informe_ver._adm_hu.pdf]
[www.miraflores.gob.pe/Gestorw3b/files/pdf/5144-26836-xvii_informe_de_ver._adm._edif.pdf]
[www.miraflores.gob.pe/Gestorw3b/files/pdf/5144-26837-xix_informe_de_ver._adm._c.o._de_edif_mod.pdf]
[www.miraflores.gob.pe/Gestorw3b/files/pdf/5144-26839-xx_fue_conformidad_de_obra_y_declaratoria_de_edificacion_anticipadas.pdf]
[www.miraflores.gob.pe/Gestorw3b/files/pdf/5144-26843-xxi_fue_solicitud_de_declaracion_municipal_de_edificacion_terminada.pdf]
[www.miraflores.gob.pe/modulos/consultatramite/view-busqueda.html]
[www.miraflores.gob.pe/Gestorw3b/files/pdf/6323-23595-02TUPA Licencias de Edificaciones 2017.pdf]
[www.miraflores.gob.pe/Gestorw3b/files/pdf/6323-17698-estructuras-de-costos-telecomunicaciones-sglep.pdf]
[www.miraflores.gob.pe/Gestorw3b/files/pdf/11276-32721-modelo_plano_de_ubic_obra_nueva_conformidad.pdf]
[www.miraflores.gob.pe/Gestorw3b/files/pdf/11276-32722-modelo_plano_de_ubic_obra_nueva_licencia.pdf]
[www.miraflores.gob.pe/Gestorw3b/files/pdf/11276-32723-modelo_plano_de_ubic_remodelacion_conformidad.pdf]
[www.miraflores.gob.pe/Gestorw3b/files/pdf/11276-32724-modelo_plano_de_ubic_remodelacion_licencia.pdf]
[www.miraflores.gob.pe/Gestorw3b/files/pdf/11276-32726-modelo_plano_de_ubicacion_final_de_acuerdo_a_ley.pdf]
[www.miraflores.gob.pe/Gestorw3b/files/pdf/8873-19434-solicitudes-de-licencias-de-edificaciones-2014-2015---30-12-15x.pdf]
[www.miraflores.gob.pe/Gestorw3b/files/pdf/10033-23406-meta25.pdf]
[www.miraflores.gob.pe/la-ciudad/licencia-de-edificacion/index.html]
[www.miraflores.gob.pe/la-ciudad/licencia-de-edificacion/legislacion/index.html]
[www.miraflores.gob.pe/la-ciudad/licencia-de-edificacion/parametros/index.html]
[www.miraflores.gob.pe/la-ciudad/licencia-de-edificacion/condiciones-para-edificaciones-sostenibles-ordenanza-510/index.html]
[www.miraflores.gob.pe/wp-content/uploads_pdf/6253-28697-si_04_fiscalizacion_y_control.pdf]
[www.miraflores.gob.pe/wp-content/uploads_pdf/6253-28698-si_05_catastro..pdf]
[www.miraflores.gob.pe/wp-content/uploads_pdf/6253-28700-si_07_recaudacion..pdf]
[www.miraflores.gob.pe/wp-content/uploads_pdf/6253-28701-si_08_registro_y_orientacion_trib.pdf]
[www.miraflores.gob.pe/wp-content/uploads_pdf/6253-28703-si_10_salud_y_bs.pdf]
[www.miraflores.gob.pe/wp-content/uploads_pdf/6253-28704-si_11_deportes.pdf]
[www.miraflores.gob.pe/wp-content/uploads_pdf/6253-28705-si_12_obras_publicas.pdf]
[www.miraflores.gob.pe/wp-content/uploads_pdf/6253-28706-si_13_limpieza_publica.pdf]
[www.miraflores.gob.pe/wp-content/uploads_pdf/6253-28707-si_14_participacion_vecinal.pdf]
[www.miraflores.gob.pe/tupa/index.html]
[www.miraflores.gob.pe/buzon-sugerencias/mc_web/web_recursos/css/bootstrap.min.css]
[www.miraflores.gob.pe/buzon-sugerencias/mc_web/web_recursos/css/citas3860.css]
[www.miraflores.gob.pe/buzon-sugerencias/mc_web/web_recursos/css/jquery.datetimepicker.css]
[www.google.com/recaptcha/apide3a.js]
[www.miraflores.gob.pe/buzon-sugerencias/mc_web/web_recursos/img/logo_miraflores_v3.png]
[www.miraflores.gob.pe/buzon-sugerencias/mc_web/web_recursos/js/bootstrap.min.js]
[www.miraflores.gob.pe/buzon-sugerencias/mc_web/web_recursos/js/jquery-1.11.3.js]
[www.miraflores.gob.pe/buzon-sugerencias/index.html]
[www.miraflores.gob.pe/buzon-sugerencias/mc_web/web_recursos/js/jquery.datetimepicker.js]
[www.miraflores.gob.pe/wp-content/uploads/2022/05/edificio-revisado-297x300.jpg]
[www.miraflores.gob.pe/wp-content/uploads/elementor/css/post-4150cca6.css]
[www.miraflores.gob.pe/defensa-civil/edificio-seguro/index.html]
[www.miraflores.gob.pe/wp-content/uploads/2021/03/ac_mesa_de_partes.png]
[www.miraflores.gob.pe/wp-content/uploads/elementor/css/post-34819216c.css]
[www.miraflores.gob.pe/wp-content/uploads/2021/03/ac_consullta_tu_tramite.png]
[www.miraflores.gob.pe/wp-content/uploads/2021/03/ac_especialista.png]
[www.miraflores.gob.pe/wp-content/uploads/2021/03/ac_cita_presencial.png]
[www.miraflores.gob.pe/wp-content/uploads/2021/03/ac_cita_virtual.png]
[www.miraflores.gob.pe/wp-content/uploads/2021/04/ICONO-LEVENTAMIENTO-VEHICULAR.png]
[www.miraflores.gob.pe/wp-content/uploads/2021/03/ac_pago_en_linea.png]
[www.miraflores.gob.pe/wp-content/uploads/2021/03/ac_estado_de_cuenta.png]
[www.miraflores.gob.pe/wp-content/uploads/2021/03/ac_tributos_municipales.png]
[www.miraflores.gob.pe/wp-content/uploads/2021/03/ac_emergencias_domesticas.png]
[www.miraflores.gob.pe/wp-content/uploads/2021/03/ac_promociones_y_descuentos.png]
[www.miraflores.gob.pe/wp-content/uploads/2021/03/ac_consulta_aqui.png]
[www.miraflores.gob.pe/wp-content/uploads/2021/03/ac_libro_reclamaciones.png]
[www.miraflores.gob.pe/wp-content/uploads/2021/03/ac_tramites_y_tarifas.png]
[www.miraflores.gob.pe/atencion-ciudadano/index.html]
[www.miraflores.gob.pe/campanias/consultas-tributarias/index.html]
[www.miraflores.gob.pe/wp-content/uploads/2022/07/DJ-formato-PRODUCE-V1.pdf]
[www.miraflores.gob.pe/Gestorw3b/files/pdf/5054-29718-formato_de_declaracion_jurada_para_informar_el_desarrollo_de_actividades_simultaneas_y_adicionales_a_la_licencia_de_funcionamiento.pdf]
[www.miraflores.gob.pe/Gestorw3b/files/pdf/5054-29721-anexo_3__declaracion_jurada_itse_posterior_(1).pdf]
[www.miraflores.gob.pe/los-servicios/comercializacion/licencia-de-funcionamiento/index.html]
[www.miraflores.gob.pe/los-servicios/comercializacion/licencia-de-funcionamiento/autorizacion-para-instalacion-de-toldo-2/index.html]
[www.miraflores.gob.pe/los-servicios/comercializacion/licencia-de-funcionamiento/autorizacion-para-uso-de-la-via-publica/index.html]
[www.miraflores.gob.pe/los-servicios/comercializacion/licencia-de-funcionamiento/autorizacion-para-uso-del-retiro-municipal/index.html]
[www.miraflores.gob.pe/los-servicios/comercializacion/licencia-de-funcionamiento/cese-de-actividades/index.html]
[www.miraflores.gob.pe/los-servicios/comercializacion/licencia-de-funcionamiento/cesionario-riesgo-alto-itse-previa/index.html]
[www.miraflores.gob.pe/los-servicios/comercializacion/licencia-de-funcionamiento/cesionario-riesgo-medio-itse-posterior/index.html]
[www.miraflores.gob.pe/los-servicios/comercializacion/licencia-de-funcionamiento/cesionario-riesgo-muy-alto-itse-previa/index.html]
[www.miraflores.gob.pe/los-servicios/comercializacion/licencia-de-funcionamiento/duplicado-de-licencia-de-funcionamiento-2/index.html]
[www.miraflores.gob.pe/los-servicios/comercializacion/licencia-de-funcionamiento/espectaculos-en-edificaciones-hasta-3000-espectadores/index.html]
[www.miraflores.gob.pe/los-servicios/comercializacion/licencia-de-funcionamiento/espectaculos-en-recintos-hasta-3000-espectadores/index.html]
[www.miraflores.gob.pe/los-servicios/participacion-vecinal/index.html]
[www.miraflores.gob.pe/los-servicios/comercializacion/licencia-de-funcionamiento/licencia-de-funcionamiento-digital/index.html]
[www.miraflores.gob.pe/los-servicios/comercializacion/licencia-de-funcionamiento/licencia-de-funcionamiento-digital-para-agencia-de-viajes-y-turismo/index.html]
[www.miraflores.gob.pe/los-servicios/comercializacion/licencia-de-funcionamiento/licencia-de-funcionamiento-para-cesionario/index.html]
[www.miraflores.gob.pe/los-servicios/comercializacion/licencia-de-funcionamiento/mercados-y-galerias/index.html]
[www.miraflores.gob.pe/wp-content/uploads/2020/09/consejillo-300x125.jpg]
[www.miraflores.gob.pe/los-servicios/comercializacion/licencia-de-funcionamiento/licencia-de-funcionamiento-para-edificaciones-calificadas-con-nivel-de-riesgo-muy-alto-con-itse-previa/index.html]
[www.miraflores.gob.pe/wp-content/uploads/elementor/css/post-18890955.css]
[www.miraflores.gob.pe/los-servicios/comercializacion/licencia-de-funcionamiento/licencia-de-funcionamiento-para-edificaciones-calificadas-con-nivel-de-riesgo-bajo-con-itse-posterior/index.html]
[www.miraflores.gob.pe/los-servicios/comercializacion/licencia-de-funcionamiento/licencia-de-funcionamiento-para-edificaciones-calificadas-con-nivel-de-riesgo-medio-con-itse-posterior/index.html]
[www.miraflores.gob.pe/los-servicios/comercializacion/licencia-de-funcionamiento/transferencia-de-licencia-2/index.html]
[www.miraflores.gob.pe/los-servicios/comercializacion/licencia-de-funcionamiento/uso-del-retiro-municipal-2/index.html]
[www.miraflores.gob.pe/los-servicios/participacion-vecinal/audiencia-vecinal/index.html]
[www.miraflores.gob.pe/wp-content/uploads/2020/09/salon-actos-300x99.jpg]
[www.miraflores.gob.pe/wp-content/uploads/2020/09/glorieta-parque-reducto-300x158.jpg]
[www.miraflores.gob.pe/los-servicios/participacion-vecinal/delegados-vecinales/index.html]
[www.miraflores.gob.pe/wp-content/uploads/2020/09/boda-en-playa-300x106.jpg]
[www.miraflores.gob.pe/los-servicios/participacion-vecinal/presupuesto-participativo/index.html]
[www.miraflores.gob.pe/los-servicios/participacion-vecinal/encuestas-vecinales/index.html]
[www.miraflores.gob.pe/wp-content/uploads/2020/09/casa-museo-ricardo-palma-300x127.jpg]
[www.miraflores.gob.pe/wp-content/uploads/2020/12/WhatsApp-Image-2020-12-01-at-5.09.21-PM-1-300x144.jpg]
[www.miraflores.gob.pe/los-servicios/participacion-vecinal/audiencia-vecinal-2/index.html]
[www.miraflores.gob.pe/wp-content/uploads/2022/07/REQUISITOS-MATRIMONIO-CIVIL-MODIFICADO.pdf]
[www.miraflores.gob.pe/los-servicios/participacion-vecinal/comunicados/index.html]
[www.miraflores.gob.pe/wp-content/uploads/tusne/07-TUSNE-INTEGRADO-SECRETARIA-GENERAL-ADA-y-REGISTROS-CIVILES.pdf]
[www.miraflores.gob.pe/Gestorw3b/files/pdf/5192-1343-135-79-ley27444.pdf]
[www.miraflores.gob.pe/Gestorw3b/files/pdf/5192-1344-135-80-ley26497.pdf]
[www.miraflores.gob.pe/los-servicios/participacion-vecinal/consejo-de-coordinacion-local-distrital/index.html]
[www.miraflores.gob.pe/Gestorw3b/files/pdf/5192-1345-135-81-reglamentoreniec.pdf]
[www.miraflores.gob.pe/los-servicios/registros-civiles/index.html]
[www.miraflores.gob.pe/wp-content/plugins/tablepress/js/jquery.datatables.min2c00.js]
[www.miraflores.gob.pe/los-servicios/participacion-vecinal/elecciones-vecinales-2019/index.html]
[www.miraflores.gob.pe/los-servicios/participacion-vecinal/registro-unico-de-organizaciones-sociales-ruos/index.html]
[www.miraflores.gob.pe/wp-content/uploads/elementor/css/post-1965bf0e.css]
[www.miraflores.gob.pe/wp-content/uploads/2019/04/1.-Administracion.png]
[www.miraflores.gob.pe/wp-content/uploads/2019/04/2.-Comercializacion.png]
[www.miraflores.gob.pe/wp-content/uploads/2019/04/3.Cultura.png]
[www.miraflores.gob.pe/wp-content/uploads/2020/02/9.-Desarrollo-Ambiental.png]
[www.miraflores.gob.pe/wp-content/uploads/2020/02/10.-Desarrollo-Humano.png]
[www.miraflores.gob.pe/wp-content/uploads/2019/04/5.-Fiscalización.png]
[www.miraflores.gob.pe/wp-content/uploads/2020/02/8.-Movilidad-Urbana.png]
[www.miraflores.gob.pe/wp-content/uploads/2020/02/6.-Obras-Privadas.png]
[www.miraflores.gob.pe/wp-content/uploads/2020/02/4.-Obras-Publicas.png]
[www.miraflores.gob.pe/wp-content/uploads/2020/02/7.-Registro-Civil.png]
[www.miraflores.gob.pe/wp-content/uploads/2020/02/11.-Riesgo-de-Desastre.png]
[www.miraflores.gob.pe/wp-content/uploads/2020/02/12.-Seguridad-Ciudadana.png]
[www.miraflores.gob.pe/datos-abiertos/index.html]
[www.miraflores.gob.pe/datos-abiertos-bigdata/index.html]
[www.miraflores.gob.pe/datos-abiertos-masinfo/index.html]
[www.miraflores.gob.pe/Gestorw3b/files/pdf/5221-1512-publicacion_ra_794_tusne.pdf]
[www.miraflores.gob.pe/tupa/informacion-adicional/index.html]
[www.miraflores.gob.pe/wp-content/uploads/2020/Resolucion de Alcaldía N° 350.2019.A.MM TUSNE de la SGSBS5061.pdf]
[www.miraflores.gob.pe/wp-content/uploads/2020/Resolucion Alcaldia 323 TUSNE SALUD Y BIENESTAR SOCIAL3db3.pdf]
[www.miraflores.gob.pe/wp-content/uploads/2020/Públicación de Resolución de Alcaldía N° 292.2019.A.MM2bc2.pdf]
[www.miraflores.gob.pe/wp-content/uploads/tusne/24PUBLICACION-RA-N-262-2019AMM-TUSNE-CULTURA-Y-TURISMO.pdf]
[www.miraflores.gob.pe/wp-content/uploads/tusne/22PUBLICACION-TUSNE-EN-EL-PERUANO-RA-184-2019.pdf]
[www.miraflores.gob.pe/wp-content/uploads/tusne/23FE-DE-ERRATAS-ANEXO-DEL-TUSNE-COMERCIALIZACION-2019.pdf]
[www.miraflores.gob.pe/Gestorw3b/files/pdf/5221-31842-r.a_596_2018.pdf]
[www.miraflores.gob.pe/Gestorw3b/files/pdf/5221-31841-r.a_083_2018_a_mm.pdf]
[www.miraflores.gob.pe/Gestorw3b/files/pdf/5221-31840-r.a._n050_2018_a_mm.pdf]
[www.miraflores.gob.pe/Gestorw3b/files/pdf/5221-31839-r.a_630_2017.pdf]
[www.miraflores.gob.pe/Gestorw3b/files/pdf/5221-31838-r.a_083_2017_a.pdf]
[www.miraflores.gob.pe/Gestorw3b/files/pdf/5221-21000-r.a.-n-329-2016-a-mm-1.pdf]
[www.miraflores.gob.pe/Gestorw3b/files/pdf/5221-18980-ra-689-modificacion-del-tusne-de-gct-y-gdh-25-nov-2015.pdf]
[www.miraflores.gob.pe/Gestorw3b/files/pdf/5221-17810-ra-515-2015-modif-tusne-06-set-2015.pdf]
[www.miraflores.gob.pe/Gestorw3b/files/pdf/5221-16157-r.a.-n-284-2015-a-mm-el-peruano.pdf]
[www.miraflores.gob.pe/Gestorw3b/files/pdf/5221-16041-r.a.-n-276-2015-a-mm-publicado-el-peruano.pdf]
[www.miraflores.gob.pe/Gestorw3b/files/pdf/5221-15063-r.a.-n-142-2015-a-mm-tusne.pdf]
[www.miraflores.gob.pe/Gestorw3b/files/pdf/5221-12968-ra_456_15_ago_14_modificacion_-de_tusne-.pdf]
[www.miraflores.gob.pe/Gestorw3b/files/pdf/5221-12236-tusne_2014.pdf]
[www.miraflores.gob.pe/Gestorw3b/files/pdf/5221-9214-ra_465_tusne_de_gct.pdf]
[www.miraflores.gob.pe/Gestorw3b/files/pdf/5221-4945-06tusne-deportes-en-el-peruano-ok.pdf]
[www.miraflores.gob.pe/Gestorw3b/files/pdf/5221-4944-05ra-503-2012-modifican-tusne-sg-deporte-y-recreacion.pdf]
[www.miraflores.gob.pe/Gestorw3b/files/pdf/5221-4943-04tusne-final-deportes-28.08.2012.pdf]
[www.miraflores.gob.pe/tupa/informacion-adicional/tarifario-municipal/index.html]
[www.miraflores.gob.pe/wp-content/uploads/2021/09/Divorcio_Mesa-de-trabajo-1-1024x347.jpg]
[www.miraflores.gob.pe/wp-content/uploads/elementor/css/post-12529e0b.css]
[www.miraflores.gob.pe/wp-content/uploads/2021/09/Divorcio-2_Mesa-de-trabajo-1-1024x347.jpg]
[www.miraflores.gob.pe/Gestorw3b/files/pdf/5433-714-separacion_requesi.pdf]
[www.miraflores.gob.pe/Gestorw3b/files/pdf/5456-815-decreto_supremo_009-2008-jus.pdf]
[www.miraflores.gob.pe/los-servicios/separacion-y-divorcio/index.html]
[www.miraflores.gob.pe/wp-content/uploads/2021/01/WEB-ECOHOGAR-CABECERA-2.png]
[www.miraflores.gob.pe/wp-content/uploads/elementor/css/post-29203054.css]
[www.miraflores.gob.pe/wp-content/uploads/2021/01/FLYER-1-1024x1024.jpg]
[www.miraflores.gob.pe/wp-content/uploads/2021/01/FLYER-2-1024x1024.jpg]
[www.miraflores.gob.pe/wp-content/uploads/2021/01/FLYER-3-1024x1024.png]
[www.miraflores.gob.pe/los-servicios/ambiental/ecohogares/index.html]
[www.miraflores.gob.pe/wp-content/uploads/2021/08/BOTONES-SECCIONES-NEGOCIOS-02.png]
[www.miraflores.gob.pe/wp-content/uploads/elementor/css/post-360205248.css]
[www.miraflores.gob.pe/wp-content/uploads/2022/10/ICONO-BOTON-DEPORTES.png]
[www.miraflores.gob.pe/wp-content/uploads/2021/08/BOTONES-SECCIONES-NEGOCIOS-03.png]
[www.miraflores.gob.pe/wp-content/uploads/2022/10/ICONO-BOTON-OPTICA.png]
[www.miraflores.gob.pe/wp-content/uploads/2021/08/BOTONES-SECCIONES-NEGOCIOS-04.png]
[www.miraflores.gob.pe/wp-content/uploads/2022/10/ICONO-BOTON-MASCOTAS.png]
[www.miraflores.gob.pe/wp-content/uploads/2021/08/BOTONES-SECCIONES-NEGOCIOS-05.png]
[www.miraflores.gob.pe/wp-content/uploads/2021/09/BELLEZA-ICON.png]
[www.miraflores.gob.pe/wp-content/uploads/2021/08/BOTONES-SECCIONES-NEGOCIOS-06.png]
[www.miraflores.gob.pe/comida/index.html]
[www.miraflores.gob.pe/wp-content/uploads/2021/08/BOTONES-SECCIONES-NEGOCIOS-07.png]
[www.miraflores.gob.pe/deportes/index.html]
[www.miraflores.gob.pe/wp-content/uploads/2021/08/BOTONES-SECCIONES-NEGOCIOS-08.png]
[www.miraflores.gob.pe/wp-content/uploads/elementor/thumbs/FLYER-NEGOCIOS-01-pcs22gwmflnmr06szy4kf6yujhiw4jmcxqb92jilsg.jpg]
[www.miraflores.gob.pe/optica/index.html]
[www.miraflores.gob.pe/wp-content/uploads/2021/08/FLYER-IMPULSAMO-TU-NEGOCIO.png]
[www.miraflores.gob.pe/impulsamos-tu-negocio/index.html]
[www.miraflores.gob.pe/wp-content/uploads/2019/11/dilo-braille.jpg]
[www.miraflores.gob.pe/mascotas-6/index.html]
[www.miraflores.gob.pe/cultura/index.html]
[www.miraflores.gob.pe/eco/index.html]
[www.miraflores.gob.pe/Gestorw3b/files/media/9128-18337-rosario.mp3]
[www.miraflores.gob.pe/los-servicios/desarrollo-humano/inclusiva-accesible/nuevos-servicios/index.html]
[www.miraflores.gob.pe/Gestorw3b/files/pdf/9128-18373-rosario.pdf]
[www.miraflores.gob.pe/Gestorw3b/files/media/9128-18338-andres.mp3]
[www.miraflores.gob.pe/Gestorw3b/files/pdf/9128-18375-andres.pdf]
[www.miraflores.gob.pe/Gestorw3b/files/media/9128-18339-eduardo.mp3]
[www.miraflores.gob.pe/Gestorw3b/files/pdf/9128-18376-eduardo.pdf]
[www.miraflores.gob.pe/Gestorw3b/files/media/9128-18340-marcos.mp3]
[www.miraflores.gob.pe/nuevos-servicios/index.html]
[www.miraflores.gob.pe/subasta-publica-n-003-2022-mm/index.html]
[www.miraflores.gob.pe/tarifario-de-clinica-municipal-de-miraflores/index.html]
[www.miraflores.gob.pe/zonas-rigidas-2/index.html]
[www.miraflores.gob.pe/bus-inclusivo/index.html]
[www.miraflores.gob.pe/todas-las-noticias/index.html]
[www.miraflores.gob.pe/alcalde-luis-molina-afirmo-que-en-el-2022-la-municipalidad-de-miraflores-alcanzo-74-millones-de-soles-para-la-ejecucion-de-inversiones/index.html]
[www.miraflores.gob.pe/personal-de-la-municipalidad-de-miraflores-visito-a-uno-de-sus-150-aliados-por-la-reduccion-del-plastico/index.html]
[www.miraflores.gob.pe/preparativos-para-simulacro-multipeligro-nocturno-fueron-abordados-en-tercera-reunion-de-plataforma-de-defensa-civil/index.html]
[www.miraflores.gob.pe/alcalde-luis-molina-afirmo-que-la-comuna-miraflorina-incremento-su-inversion-en-un-24-en-el-presupuesto-anual/index.html]
[www.miraflores.gob.pe/comision-lucha-contra-corrupcion/index.html]
[www.miraflores.gob.pe/agenda-actividades/index.html]
[www.miraflores.gob.pe/cultura-y-turismo/index.html]
[www.miraflores.gob.pe/los-servicios/ambiental/index.html]
[www.miraflores.gob.pe/los-servicios/desarrollo-humano/index.html]
[www.miraflores.gob.pe/los-servicios/obras-publicas/index.html]
[www.miraflores.gob.pe/coworking-casa-tovar/index.html]
[www.miraflores.gob.pe/defensa-civil/index.html]
[www.miraflores.gob.pe/los-servicios/desarrollo-humano/deportes/index.html]
[www.miraflores.gob.pe/mascotas-2/index.html]
[www.miraflores.gob.pe/Debug Objects_ www.miraflores.gob.pe/index.html]
[www.miraflores.gob.pe/actualiza-datos/index.html]
[www.miraflores.gob.pe/wp-content/plugins/module-campanias/font/4b5b90deb1ba9887160f88ad0abc4fc2.html]
[www.miraflores.gob.pe/wp-content/plugins/module-campanias/font/e7eace3e52faed10186de77ca7d82ad9.html]
[www.miraflores.gob.pe/wp-content/plugins/module-campanias/font/217ce3a8978f6faa145e988027489dc6.html]
[www.miraflores.gob.pe/wp-content/plugins/wp-carousel-pro/public/css/images/controls.html]
[www.miraflores.gob.pe/wp-content/plugins/wp-carousel-pro/public/fonts/fontawesome-webfont3e6e.html]
[www.miraflores.gob.pe/wp-content/plugins/wp-carousel-pro/public/fonts/fontawesome-webfont3e6e.svg]
[www.miraflores.gob.pe/wp-content/themes/munimiraflores/web-estilos/webfonts/fa-brands-400.html]
[www.miraflores.gob.pe/wp-content/themes/munimiraflores/web-estilos/webfonts/fa-brands-400.svg]
[www.miraflores.gob.pe/wp-content/themes/munimiraflores/web-estilos/webfonts/fa-regular-400.html]
[www.miraflores.gob.pe/wp-content/themes/munimiraflores/web-estilos/webfonts/fa-regular-400.svg]
[www.miraflores.gob.pe/wp-content/themes/munimiraflores/web-estilos/webfonts/fa-solid-900.html]
[www.miraflores.gob.pe/wp-content/themes/munimiraflores/web-estilos/webfonts/fa-solid-900.svg]
[www.miraflores.gob.pe/wp-content/themes/munimiraflores/web-fonts/Harabarad41dd41d.html]
[www.miraflores.gob.pe/wp-content/themes/munimiraflores/web-fonts/Harabara.svg]
[www.miraflores.gob.pe/wp-content/plugins/elementor/assets/lib/eicons/fonts/eicons5519.html]
[www.miraflores.gob.pe/wp-content/plugins/elementor/assets/lib/eicons/fonts/eicons5519.svg]
[www.miraflores.gob.pe/index5f98.html]
[www.miraflores.gob.pe/wp-json/oembed/1.0/embed427d.json]
[www.miraflores.gob.pe/wp-json/oembed/1.0/embedcc9b]
[www.miraflores.gob.pe/transparencia/convocatorias-cas/index.html]
[www.miraflores.gob.pe/transparencia/Debug Objects_ www.miraflores.gob.pe/transparencia/index.html]
[www.googletagmanager.com/gtm5445.html]
[www.miraflores.gob.pe/index8139.html]
[www.miraflores.gob.pe/wp-json/oembed/1.0/embed252f.json]
[www.miraflores.gob.pe/wp-json/oembed/1.0/embed1a3c]
[www.miraflores.gob.pe/wp-content/plugins/elementor/assets/lib/animations/animations.min1ed5.css]
[www.miraflores.gob.pe/censo-del-artista-miraflorino/Debug Objects_ www.miraflores.gob.pe/censo-del-artista-miraflorino/index.html]
[www.miraflores.gob.pe/wp-content/uploads/elementor/css/post-65596a9f.css]
[www.miraflores.gob.pe/index8c33.html]
[www.miraflores.gob.pe/wp-json/oembed/1.0/embedf7bc.json]
[www.miraflores.gob.pe/wp-json/oembed/1.0/embed1e0d]
[www.miraflores.gob.pe/los-servicios/desarrollo-urbano/index.html]
[www.miraflores.gob.pe/los-servicios/desarrollo-urbano/programa-de-conservacion-de-casonas-protegiendo/Debug Objects_ www.miraflores.gob.pe/los-servicios/desarrollo-urbano/programa-de-conservacion-de/index.html]
[www.miraflores.gob.pe/wp-content/uploads/elementor/css/post-65738956b.css]
[www.miraflores.gob.pe/indexf63b.html]
[www.miraflores.gob.pe/wp-json/oembed/1.0/embed58ce.json]
[www.miraflores.gob.pe/wp-json/oembed/1.0/embed5067]
[www.miraflores.gob.pe/informacion-3/index.html]
[www.miraflores.gob.pe/preguntas-y-respuestas/index.html]
[www.miraflores.gob.pe/nuestros-servicios/index.html]
[www.miraflores.gob.pe/clinica-municipal-miraflores/Debug Objects_ www.miraflores.gob.pe/clinica-municipal-miraflores/index.html]
[www.miraflores.gob.pe/wp-content/uploads/elementor/css/post-6376714ed.css]
[www.miraflores.gob.pe/indexe548.html]
[www.miraflores.gob.pe/wp-json/oembed/1.0/embede7f5.json]
[www.miraflores.gob.pe/wp-json/oembed/1.0/embed1a37]
[www.miraflores.gob.pe/historia-y-antecedentes/index.html]
[www.miraflores.gob.pe/objetivos-ciudad-digital/index.html]
[www.miraflores.gob.pe/propuesta-de-seguridad-ciudadana/index.html]
[www.miraflores.gob.pe/propuesta-de-movilidad-urbana/index.html]
[www.miraflores.gob.pe/entrevistas/index.html]
[www.miraflores.gob.pe/eventos-ciudad-inteligente/index.html]
[www.miraflores.gob.pe/ciudad-digital/Debug Objects_ www.miraflores.gob.pe/ciudad-digital/index.html]
[www.miraflores.gob.pe/wp-content/uploads/elementor/css/post-53678779b.css]
[www.miraflores.gob.pe/indexf195.html]
[www.miraflores.gob.pe/wp-json/oembed/1.0/embed2e1d.json]
[www.miraflores.gob.pe/wp-json/oembed/1.0/embed05f1]
[www.miraflores.gob.pe/parque-bicentenario-v2/historia/index.html]
[www.miraflores.gob.pe/objetivos/index.html]
[www.miraflores.gob.pe/flora/index.html]
[www.miraflores.gob.pe/polinizacion/index.html]
[www.miraflores.gob.pe/eventos-parque-bicentenario/index.html]
[www.miraflores.gob.pe/noticias-parque-bicentenario/index.html]
[www.miraflores.gob.pe/mirador-bicentenario/index.html]
[www.miraflores.gob.pe/parque-bicentenario/Debug Objects_ www.miraflores.gob.pe/parque-bicentenario/index.html]
[www.miraflores.gob.pe/index0d13.html]
[www.miraflores.gob.pe/wp-json/oembed/1.0/embed5adf.json]
[www.miraflores.gob.pe/wp-json/oembed/1.0/embed4217]
[www.miraflores.gob.pe/alcaldia/index.html]
[www.miraflores.gob.pe/la-municipalidad/regidores/index.html]
[www.miraflores.gob.pe/la-municipalidad/Debug Objects_ www.miraflores.gob.pe/la-municipalidad/index.html]
[www.miraflores.gob.pe/indexd201.html]
[www.miraflores.gob.pe/wp-json/oembed/1.0/embed0e6f.json]
[www.miraflores.gob.pe/wp-json/oembed/1.0/embed6ac9]
[www.miraflores.gob.pe/la-ciudad/conoce-tu-ciudad/index.html]
[www.miraflores.gob.pe/la-ciudad/iglesias-y-templos/index.html]
[www.miraflores.gob.pe/la-ciudad/calles/index.html]
[www.miraflores.gob.pe/la-ciudad/historia/index.html]
[www.miraflores.gob.pe/la-ciudad/miraflores-wi-fi/index.html]
[www.miraflores.gob.pe/la-ciudad/gastronomia/index.html]
[www.miraflores.gob.pe/la-ciudad/informacion-general/index.html]
[www.miraflores.gob.pe/la-ciudad/patrimonio-cultural/index.html]
[www.miraflores.gob.pe/la-ciudad/playas/index.html]
[www.miraflores.gob.pe/la-ciudad/parques/index.html]
[www.miraflores.gob.pe/wp-content/plugins/modula-best-grid-gallery/assets/css/modula.min3c94.css]
[www.miraflores.gob.pe/la-ciudad/Debug Objects_ www.miraflores.gob.pe/la-ciudad/index.html]
[www.miraflores.gob.pe/index4e02.html]
[www.miraflores.gob.pe/wp-json/oembed/1.0/embed0a34.json]
[www.miraflores.gob.pe/wp-json/oembed/1.0/embedae90]
[www.miraflores.gob.pe/los-servicios/administracion-y-finanzas/index.html]
[www.miraflores.gob.pe/cultura-miraflores/index.html]
[www.miraflores.gob.pe/los-servicios/desarrollo-humano/programa-jovenes-miraflores/index.html]
[www.miraflores.gob.pe/fiscalizacion-y-control-v1/index.html]
[www.miraflores.gob.pe/los-servicios/archivo-central/index.html]
[www.miraflores.gob.pe/los-servicios/comercializacion/index.html]
[www.miraflores.gob.pe/los-servicios/catastro/index.html]
[www.miraflores.gob.pe/los-servicios/adulto-mayor/index.html]
[www.miraflores.gob.pe/los-servicios/limpieza-publica-y-areas-verdes/index.html]
[www.miraflores.gob.pe/los-servicios/donacion-de-bienes-raee-2019/index.html]
[www.miraflores.gob.pe/los-servicios/Debug Objects_ www.miraflores.gob.pe/los-servicios/index.html]
[www.miraflores.gob.pe/index2d8c.html]
[www.miraflores.gob.pe/wp-json/oembed/1.0/embed8882.json]
[www.miraflores.gob.pe/wp-json/oembed/1.0/embedef44]
[www.miraflores.gob.pe/serenazgo/boton-de-panico/index.html]
[www.miraflores.gob.pe/serenazgo/alerta-miraflores/index.html]
[www.miraflores.gob.pe/serenazgo/sereno-de-mi-barrio/index.html]
[www.miraflores.gob.pe/serenazgo/nuestros-serenos/index.html]
[www.miraflores.gob.pe/serenazgo/movilidad-urbana-y-seguridad-vial/index.html]
[www.miraflores.gob.pe/serenazgo/codisec/index.html]
[www.miraflores.gob.pe/serenazgo/central-alerta-miraflores/index.html]
[www.miraflores.gob.pe/serenazgo/Debug Objects_ www.miraflores.gob.pe/serenazgo/index.html]
[www.miraflores.gob.pe/index59b0.html]
[www.miraflores.gob.pe/wp-json/oembed/1.0/embed67c4.json]
[www.miraflores.gob.pe/wp-json/oembed/1.0/embed3dd0]
[www.miraflores.gob.pe/los-servicios/desarrollo-humano/accesibilidad/Debug Objects_ www.miraflores.gob.pe/los-servicios/desarrollo-humano/accesibilidad/index.html]
[www.miraflores.gob.pe/index678b.html]
[www.miraflores.gob.pe/wp-json/oembed/1.0/embed39dc.json]
[www.miraflores.gob.pe/wp-json/oembed/1.0/embedd884]
[www.miraflores.gob.pe/la-municipalidad/alcaldia/Debug Objects_ www.miraflores.gob.pe/la-municipalidad/alcaldia/index.html]
[www.miraflores.gob.pe/wp-content/uploads/elementor/css/post-75372123.css]
[www.miraflores.gob.pe/indexf580.html]
[www.miraflores.gob.pe/wp-json/oembed/1.0/embed5711.json]
[www.miraflores.gob.pe/wp-json/oembed/1.0/embedf7fa]
[www.miraflores.gob.pe/telefonos-y-mails-2/index.html]
[www.miraflores.gob.pe/citas-plataforma/index3872.html]
[www.miraflores.gob.pe/citas-plataforma/index83a8.html]
[www.miraflores.gob.pe/contactos-linea/Debug Objects_ www.miraflores.gob.pe/contactos-linea/index.html]
[www.miraflores.gob.pe/wp-content/uploads/elementor/css/post-17275952.css]
[www.miraflores.gob.pe/indexbda9.html]
[www.miraflores.gob.pe/wp-json/oembed/1.0/embed0134.json]
[www.miraflores.gob.pe/wp-json/oembed/1.0/embed46ba]
[www.miraflores.gob.pe/consulta-de-expedientes/index.html]
[www.miraflores.gob.pe/consulta_vehiculos.html]
[www.miraflores.gob.pe/sesiones-de-concejo/index.html]
[www.miraflores.gob.pe/20350-2/index.html]
[www.miraflores.gob.pe/consultas-pagos-linea/Debug Objects_ www.miraflores.gob.pe/consultas-pagos-linea/index.html]
[www.miraflores.gob.pe/wp-content/uploads/elementor/css/post-1805fbdc.css]
[www.miraflores.gob.pe/indexaf4f.html]
[www.miraflores.gob.pe/wp-json/oembed/1.0/embed93bf.json]
[www.miraflores.gob.pe/wp-json/oembed/1.0/embede836]
[www.miraflores.gob.pe/tributos-municipales/legislacion/index.html]
[www.miraflores.gob.pe/tributos-municipales/formularios/index.html]
[www.miraflores.gob.pe/tributos-municipales/orientacion-tributaria/index.html]
[www.miraflores.gob.pe/tributos-municipales/tramites/index.html]
[www.miraflores.gob.pe/tributos-municipales/cobranza-dudosa/index.html]
[www.miraflores.gob.pe/tributos-municipales/lugares-de-pago/index.html]
[www.miraflores.gob.pe/tributos-municipales/Debug Objects_ www.miraflores.gob.pe/tributos-municipales/index.html]
[www.miraflores.gob.pe/index09b0.html]
[www.miraflores.gob.pe/wp-json/oembed/1.0/embed5b93.json]
[www.miraflores.gob.pe/wp-json/oembed/1.0/embedfcb7]
[www.miraflores.gob.pe/emergencias-domestica/Debug Objects_ www.miraflores.gob.pe/emergencias-domestica/index.html]
[www.miraflores.gob.pe/indexd35e.html]
[www.miraflores.gob.pe/wp-json/oembed/1.0/embed32f0.json]
[www.miraflores.gob.pe/wp-json/oembed/1.0/embed87b2]
[www.miraflores.gob.pe/beneficios-vpm/index.html]
[www.miraflores.gob.pe/beneficios-vpm/servicios-asistencia/index.html]
[www.miraflores.gob.pe/beneficios-vpm/tarifa-preferencial/index.html]
[www.miraflores.gob.pe/beneficios-vpm/promociones-descuentos/index.html]
[www.miraflores.gob.pe/beneficios-vpm/establecimientos/index.html]
[www.miraflores.gob.pe/vpm/Debug Objects_ www.miraflores.gob.pe/vpm/index.html]
[www.miraflores.gob.pe/index8b41.html]
[www.miraflores.gob.pe/wp-json/oembed/1.0/embeda232.json]
[www.miraflores.gob.pe/wp-json/oembed/1.0/embed3672]
[www.miraflores.gob.pe/modulos/consultatramite/view-busqueda.html]
[www.miraflores.gob.pe/la-ciudad/licencia-de-edificacion/legislacion/index.html]
[www.miraflores.gob.pe/la-ciudad/licencia-de-edificacion/parametros/index.html]
[www.miraflores.gob.pe/la-ciudad/licencia-de-edificacion/condiciones-para-edificaciones-sostenibles-ordenanza-510/index.html]
[www.miraflores.gob.pe/la-ciudad/licencia-de-edificacion/Debug Objects_ www.miraflores.gob.pe/la-ciudad/licencia-de-edificacion/index.html]
[www.miraflores.gob.pe/index1c4a.html]
[www.miraflores.gob.pe/wp-json/oembed/1.0/embed2580.json]
[www.miraflores.gob.pe/wp-json/oembed/1.0/embedd459]
[www.miraflores.gob.pe/tupa/Debug Objects_ www.miraflores.gob.pe/tupa/index.html]
[www.miraflores.gob.pe/buzon-sugerencias/mc_web/web_recursos/css/bootstrap.min.css]
[www.miraflores.gob.pe/buzon-sugerencias/mc_web/web_recursos/css/citas3860.css]
[www.miraflores.gob.pe/buzon-sugerencias/mc_web/web_recursos/css/jquery.datetimepicker.css]
[www.miraflores.gob.pe/wp-content/uploads/elementor/css/post-4150cca6.css]
[www.miraflores.gob.pe/index4f5b.html]
[www.miraflores.gob.pe/wp-json/oembed/1.0/embedb6de.json]
[www.miraflores.gob.pe/wp-json/oembed/1.0/embed496a]
[www.miraflores.gob.pe/defensa-civil/edificio-seguro/Debug Objects_ www.miraflores.gob.pe/defensa-civil/edificio-seguro/index.html]
[www.miraflores.gob.pe/wp-content/uploads/elementor/css/post-34819216c.css]
[www.miraflores.gob.pe/indexa5ce.html]
[www.miraflores.gob.pe/wp-json/oembed/1.0/embed1211.json]
[www.miraflores.gob.pe/wp-json/oembed/1.0/embedf20c]
[www.miraflores.gob.pe/campanias/consultas-tributarias/index.html]
[www.miraflores.gob.pe/promociones-y-descuentos-vpm/index.html]
[www.miraflores.gob.pe/atencion-ciudadano/Debug Objects_ www.miraflores.gob.pe/atencion-ciudadano/index.html]
[www.miraflores.gob.pe/index43ce.html]
[www.miraflores.gob.pe/wp-json/oembed/1.0/embed1c17.json]
[www.miraflores.gob.pe/wp-json/oembed/1.0/embed0e40]
[www.miraflores.gob.pe/los-servicios/comercializacion/licencia-de-funcionamiento/autorizacion-para-instalacion-de-toldo-2/index.html]
[www.miraflores.gob.pe/los-servicios/comercializacion/licencia-de-funcionamiento/autorizacion-para-uso-de-la-via-publica/index.html]
[www.miraflores.gob.pe/los-servicios/comercializacion/licencia-de-funcionamiento/autorizacion-para-uso-del-retiro-municipal/index.html]
[www.miraflores.gob.pe/los-servicios/comercializacion/licencia-de-funcionamiento/cese-de-actividades/index.html]
[www.miraflores.gob.pe/los-servicios/comercializacion/licencia-de-funcionamiento/cesionario-riesgo-alto-itse-previa/index.html]
[www.miraflores.gob.pe/los-servicios/comercializacion/licencia-de-funcionamiento/cesionario-riesgo-medio-itse-posterior/index.html]
[www.miraflores.gob.pe/los-servicios/comercializacion/licencia-de-funcionamiento/cesionario-riesgo-muy-alto-itse-previa/index.html]
[www.miraflores.gob.pe/los-servicios/comercializacion/licencia-de-funcionamiento/duplicado-de-licencia-de-funcionamiento-2/index.html]
[www.miraflores.gob.pe/los-servicios/comercializacion/licencia-de-funcionamiento/espectaculos-en-edificaciones-hasta-3000-espectadores/index.html]
[www.miraflores.gob.pe/los-servicios/comercializacion/licencia-de-funcionamiento/espectaculos-en-recintos-hasta-3000-espectadores/index.html]
[www.miraflores.gob.pe/los-servicios/comercializacion/licencia-de-funcionamiento/licencia-de-funcionamiento-digital/index.html]
[www.miraflores.gob.pe/los-servicios/comercializacion/licencia-de-funcionamiento/licencia-de-funcionamiento-digital-para-agencia-de-viajes-y-turismo/index.html]
[www.miraflores.gob.pe/los-servicios/comercializacion/licencia-de-funcionamiento/licencia-de-funcionamiento-para-cesionario/index.html]
[www.miraflores.gob.pe/los-servicios/comercializacion/licencia-de-funcionamiento/mercados-y-galerias/index.html]
[www.miraflores.gob.pe/los-servicios/comercializacion/licencia-de-funcionamiento/licencia-de-funcionamiento-para-edificaciones-calificadas-con-nivel-de-riesgo-muy-alto-con-itse-previa/index.html]
[www.miraflores.gob.pe/los-servicios/comercializacion/licencia-de-funcionamiento/licencia-de-funcionamiento-para-edificaciones-calificadas-con-nivel-de-riesgo-bajo-con-itse-posterior/index.html]
[www.miraflores.gob.pe/los-servicios/comercializacion/licencia-de-funcionamiento/licencia-de-funcionamiento-para-edificaciones-calificadas-con-nivel-de-riesgo-medio-con-itse-posterior/index.html]
[www.miraflores.gob.pe/los-servicios/comercializacion/licencia-de-funcionamiento/transferencia-de-licencia-2/index.html]
[www.miraflores.gob.pe/los-servicios/comercializacion/licencia-de-funcionamiento/uso-del-retiro-municipal-2/index.html]
[www.miraflores.gob.pe/los-servicios/comercializacion/licencia-de-funcionamiento/Debug Objects_ www.miraflores.gob.pe/los-servicios/comercializacion/licencia-de-funcionamiento/index.html]
[www.miraflores.gob.pe/indexac9f.html]
[www.miraflores.gob.pe/wp-json/oembed/1.0/embedbe4e.json]
[www.miraflores.gob.pe/wp-json/oembed/1.0/embedde67]
[www.miraflores.gob.pe/los-servicios/participacion-vecinal/presupuesto-participativo-2020/index.html]
[www.miraflores.gob.pe/los-servicios/participacion-vecinal/participacion.vecinal@miraflores.gob.html]
[www.miraflores.gob.pe/los-servicios/participacion-vecinal/audiencia-vecinal/index.html]
[www.miraflores.gob.pe/los-servicios/participacion-vecinal/delegados-vecinales/index.html]
[www.miraflores.gob.pe/los-servicios/participacion-vecinal/presupuesto-participativo/index.html]
[www.miraflores.gob.pe/los-servicios/participacion-vecinal/encuestas-vecinales/index.html]
[www.miraflores.gob.pe/los-servicios/participacion-vecinal/comunicados/index.html]
[www.miraflores.gob.pe/los-servicios/participacion-vecinal/audiencia-vecinal-2/index.html]
[www.miraflores.gob.pe/los-servicios/participacion-vecinal/consejo-de-coordinacion-local-distrital/index.html]
[www.miraflores.gob.pe/los-servicios/participacion-vecinal/elecciones-vecinales-2019/index.html]
[www.miraflores.gob.pe/los-servicios/participacion-vecinal/registro-unico-de-organizaciones-sociales-ruos/index.html]
[www.miraflores.gob.pe/los-servicios/participacion-vecinal/Debug Objects_ www.miraflores.gob.pe/los-servicios/participacion-vecinal/index.html]
[www.miraflores.gob.pe/wp-content/uploads/elementor/css/post-18890955.css]
[www.miraflores.gob.pe/indexa19d.html]
[www.miraflores.gob.pe/wp-json/oembed/1.0/embeda414.json]
[www.miraflores.gob.pe/wp-json/oembed/1.0/embedd3d4]
[www.miraflores.gob.pe/los-servicios/registros-civiles/Debug Objects_ www.miraflores.gob.pe/los-servicios/registros-civiles/index.html]
[www.miraflores.gob.pe/wp-content/uploads/2019/04/icono-datos-abiertos_min.html]
[www.miraflores.gob.pe/wp-content/uploads/elementor/css/post-1965bf0e.css]
[www.miraflores.gob.pe/index2752.html]
[www.miraflores.gob.pe/wp-json/oembed/1.0/embed4600.json]
[www.miraflores.gob.pe/wp-json/oembed/1.0/embed9471]
[www.miraflores.gob.pe/datos-abiertos/datos-abiertos-aplicativos/index.html]
[www.miraflores.gob.pe/datos-abiertos-bigdata/index.html]
[www.miraflores.gob.pe/datos-abiertos-masinfo/index.html]
[www.miraflores.gob.pe/datos-abiertos-catalogo/index.html]
[www.miraflores.gob.pe/datos-abiertos/Debug Objects_ www.miraflores.gob.pe/datos-abiertos/index.html]
[www.miraflores.gob.pe/index55fc.html]
[www.miraflores.gob.pe/wp-json/oembed/1.0/embed070b.json]
[www.miraflores.gob.pe/wp-json/oembed/1.0/embed3a60]
[www.miraflores.gob.pe/tupa/informacion-adicional/index.html]
[www.miraflores.gob.pe/Gestorw3b/files/pdf/5221-20999-resoluciã³n-del-tusne.html]
[www.miraflores.gob.pe/tupa/informacion-adicional/tarifario-municipal/Debug Objects_ www.miraflores.gob.pe/tupa/informacion-adicional/tarifario-municipal/index.html]
[www.miraflores.gob.pe/wp-content/uploads/elementor/css/post-12529e0b.css]
[www.miraflores.gob.pe/indexb09c.html]
[www.miraflores.gob.pe/wp-json/oembed/1.0/embedb8d1.json]
[www.miraflores.gob.pe/wp-json/oembed/1.0/embed9470]
[www.miraflores.gob.pe/modelo-modificado-de-solicitud-de-separacion-convencional-01-12-2021/index.html]
[www.miraflores.gob.pe/declaracion-jurada-de-ultimo-domicilio-conyugal-web/index.html]
[www.miraflores.gob.pe/declaracion-jurada-de-no-tener-hijos-menores-y-no-tener-hijos-mayores-con-incapacidad-web/index.html]
[www.miraflores.gob.pe/declaracion-jurada-de-no-tener-hijos-mayores-con-incapacidad-web/index.html]
[www.miraflores.gob.pe/declaracion-jurada-de-no-tener-bienes-sujetos-al-regimen-de-sociedad-de-gananciales-web/index.html]
[www.miraflores.gob.pe/modelo-modificado-de-solicitud-disolucion-del-vinculo-matrimonial/index.html]
[www.miraflores.gob.pe/los-servicios/separacion-y-divorcio/Debug Objects_ www.miraflores.gob.pe/los-servicios/separacion-y-divorcio/index.html]
[www.miraflores.gob.pe/wp-content/uploads/elementor/css/post-29203054.css]
[www.miraflores.gob.pe/index3489.html]
[www.miraflores.gob.pe/wp-json/oembed/1.0/embeddf68.json]
[www.miraflores.gob.pe/wp-json/oembed/1.0/embedc671]
[www.miraflores.gob.pe/los-servicios/ambiental/ecohogares/Debug Objects_ www.miraflores.gob.pe/los-servicios/ambiental/ecohogares/index.html]
[www.miraflores.gob.pe/wp-content/uploads/elementor/css/post-360205248.css]
[www.miraflores.gob.pe/index3d90.html]
[www.miraflores.gob.pe/wp-json/oembed/1.0/embedc7aa.json]
[www.miraflores.gob.pe/wp-json/oembed/1.0/embedd038]
[www.miraflores.gob.pe/comida/index.html]
[www.miraflores.gob.pe/deportes/index.html]
[www.miraflores.gob.pe/hogar/index.html]
[www.miraflores.gob.pe/optica/index.html]
[www.miraflores.gob.pe/artesanias/index.html]
[www.miraflores.gob.pe/mascotas-6/index.html]
[www.miraflores.gob.pe/hoteles/index.html]
[www.miraflores.gob.pe/servicios-2/index.html]
[www.miraflores.gob.pe/cultura/index.html]
[www.miraflores.gob.pe/eco/index.html]
[www.miraflores.gob.pe/emprendimiento/index.html]
[www.miraflores.gob.pe/promociona-tu-producto/index.html]
[www.miraflores.gob.pe/impulsamos-tu-negocio/Debug Objects_ www.miraflores.gob.pe/impulsamos-tu-negocio/index.html]
[www.miraflores.gob.pe/los-servicios/desarrollo-humano/inclusiva-accesible/nuevos-servicios/index.html]
[www.miraflores.gob.pe/indexef76.html]
[www.miraflores.gob.pe/wp-json/oembed/1.0/embedde53.json]
[www.miraflores.gob.pe/wp-json/oembed/1.0/embedaf0c]
[www.miraflores.gob.pe/_contenTempl12538.html]
[www.miraflores.gob.pe/ord-387_mm/index.html]
[www.miraflores.gob.pe/ord-401_mm/index.html]
[www.miraflores.gob.pe/anexo_01_microzonas/index.html]
[www.miraflores.gob.pe/anexo_02_ejes_de_aprovechamiento_de_potencial_de_du/index.html]
[www.miraflores.gob.pe/modelo_de_certificado_de_derechos_edificatorios/index.html]
[www.miraflores.gob.pe/solicitud_de_acogimiento_a_la_ordenanza_387mm/index.html]
[www.miraflores.gob.pe/brochure-parque-bicentenario-interactivo-2/index.html]
[www.miraflores.gob.pe/foto-collage_mesa-de-trabajo-1-2/index.html]
[www.miraflores.gob.pe/4_mesa-de-trabajo-1/index.html]
[www.miraflores.gob.pe/5_mesa-de-trabajo-1-1/index.html]
[www.miraflores.gob.pe/fotos-3_mesa-de-trabajo-1-1/index.html]
[www.miraflores.gob.pe/foto-2_mesa-de-trabajo-1-1/index.html]
[www.miraflores.gob.pe/foto1_mesa-de-trabajo-1/index.html]
[www.miraflores.gob.pe/pagos-en-linea-desde-la-web-de-la-municipalidad-de-miraflores-24-09-2021-plataf-digital/index.html]
[www.miraflores.gob.pe/bcp-3/index.html]
[www.miraflores.gob.pe/ibk-2/index.html]
[www.miraflores.gob.pe/bbva-2/index.html]
[www.miraflores.gob.pe/scotiabank-2/index.html]
[www.miraflores.gob.pe/banbif-2/index.html]
[www.miraflores.gob.pe/padron-de-sorteo-vpm-2021/index.html]
[www.miraflores.gob.pe/acta-del-sorteo-vpm-2021-firmada/index.html]
[www.miraflores.gob.pe/d-a-n-013-2021-mm-disposiciones-para-el-sorteo-anual-del-programa-de-incentivos-vpm-2021_06-12-2021/index.html]
[www.miraflores.gob.pe/padron-del-sorteo-vpm-2020/index.html]
[www.miraflores.gob.pe/acta-de-sorteo-vpm-2020/index.html]
[www.miraflores.gob.pe/anexo-integrado-del-tupa-de-sg-comercializacion-2021/index.html]
[www.miraflores.gob.pe/anexo_tupa_sglep_16_06_2021-26-08-21/index.html]
[www.miraflores.gob.pe/3-anexo-tupa-sggrd/index.html]
[www.miraflores.gob.pe/anexo-consolidado-tupa-desarrollo-ambiental/index.html]
[www.miraflores.gob.pe/anexo-consolidado-tupa-secretaria-general-vigente/index.html]
[www.miraflores.gob.pe/formatos-matrimonios-pdf-correlativos/index.html]
[www.miraflores.gob.pe/tusne-r-1/index.html]
[www.miraflores.gob.pe/ra86-2022/index.html]
[www.miraflores.gob.pe/ra16-2022/index.html]
[www.miraflores.gob.pe/ra107-2021/index.html]
[www.miraflores.gob.pe/ra101-2021/index.html]
[www.miraflores.gob.pe/ra-080-2021/index.html]
[www.miraflores.gob.pe/ra-037-2021/index.html]
[www.miraflores.gob.pe/ra-015-2021/index.html]
[www.miraflores.gob.pe/ra-03-2021/index.html]
[www.miraflores.gob.pe/r-a-n-172-2020-amm/index.html]
[www.miraflores.gob.pe/ra-236-2019/index.html]
